Archive member included to satisfy reference by file (symbol)

C:/ST/STM32CubeIDE_1.14.0/STM32CubeIDE/plugins/com.st.stm32cube.ide.mcu.externaltools.gnu-tools-for-stm32.11.3.rel1.win32_1.1.100.202309141235/tools/bin/../lib/gcc/arm-none-eabi/11.3.1/../../../../arm-none-eabi/lib/thumb/v7e-m+fp/hard\libc_nano.a(libc_a-exit.o)
                              C:/ST/STM32CubeIDE_1.14.0/STM32CubeIDE/plugins/com.st.stm32cube.ide.mcu.externaltools.gnu-tools-for-stm32.11.3.rel1.win32_1.1.100.202309141235/tools/bin/../lib/gcc/arm-none-eabi/11.3.1/../../../../arm-none-eabi/lib/thumb/v7e-m+fp/hard/crt0.o (exit)
C:/ST/STM32CubeIDE_1.14.0/STM32CubeIDE/plugins/com.st.stm32cube.ide.mcu.externaltools.gnu-tools-for-stm32.11.3.rel1.win32_1.1.100.202309141235/tools/bin/../lib/gcc/arm-none-eabi/11.3.1/../../../../arm-none-eabi/lib/thumb/v7e-m+fp/hard\libc_nano.a(libc_a-findfp.o)
                              C:/ST/STM32CubeIDE_1.14.0/STM32CubeIDE/plugins/com.st.stm32cube.ide.mcu.externaltools.gnu-tools-for-stm32.11.3.rel1.win32_1.1.100.202309141235/tools/bin/../lib/gcc/arm-none-eabi/11.3.1/../../../../arm-none-eabi/lib/thumb/v7e-m+fp/hard\libc_nano.a(libc_a-exit.o) (__stdio_exit_handler)
C:/ST/STM32CubeIDE_1.14.0/STM32CubeIDE/plugins/com.st.stm32cube.ide.mcu.externaltools.gnu-tools-for-stm32.11.3.rel1.win32_1.1.100.202309141235/tools/bin/../lib/gcc/arm-none-eabi/11.3.1/../../../../arm-none-eabi/lib/thumb/v7e-m+fp/hard\libc_nano.a(libc_a-fwalk.o)
                              C:/ST/STM32CubeIDE_1.14.0/STM32CubeIDE/plugins/com.st.stm32cube.ide.mcu.externaltools.gnu-tools-for-stm32.11.3.rel1.win32_1.1.100.202309141235/tools/bin/../lib/gcc/arm-none-eabi/11.3.1/../../../../arm-none-eabi/lib/thumb/v7e-m+fp/hard\libc_nano.a(libc_a-findfp.o) (_fwalk_sglue)
C:/ST/STM32CubeIDE_1.14.0/STM32CubeIDE/plugins/com.st.stm32cube.ide.mcu.externaltools.gnu-tools-for-stm32.11.3.rel1.win32_1.1.100.202309141235/tools/bin/../lib/gcc/arm-none-eabi/11.3.1/../../../../arm-none-eabi/lib/thumb/v7e-m+fp/hard\libc_nano.a(libc_a-stdio.o)
                              C:/ST/STM32CubeIDE_1.14.0/STM32CubeIDE/plugins/com.st.stm32cube.ide.mcu.externaltools.gnu-tools-for-stm32.11.3.rel1.win32_1.1.100.202309141235/tools/bin/../lib/gcc/arm-none-eabi/11.3.1/../../../../arm-none-eabi/lib/thumb/v7e-m+fp/hard\libc_nano.a(libc_a-findfp.o) (__sread)
C:/ST/STM32CubeIDE_1.14.0/STM32CubeIDE/plugins/com.st.stm32cube.ide.mcu.externaltools.gnu-tools-for-stm32.11.3.rel1.win32_1.1.100.202309141235/tools/bin/../lib/gcc/arm-none-eabi/11.3.1/../../../../arm-none-eabi/lib/thumb/v7e-m+fp/hard\libc_nano.a(libc_a-memset.o)
                              C:/ST/STM32CubeIDE_1.14.0/STM32CubeIDE/plugins/com.st.stm32cube.ide.mcu.externaltools.gnu-tools-for-stm32.11.3.rel1.win32_1.1.100.202309141235/tools/bin/../lib/gcc/arm-none-eabi/11.3.1/../../../../arm-none-eabi/lib/thumb/v7e-m+fp/hard/crt0.o (memset)
C:/ST/STM32CubeIDE_1.14.0/STM32CubeIDE/plugins/com.st.stm32cube.ide.mcu.externaltools.gnu-tools-for-stm32.11.3.rel1.win32_1.1.100.202309141235/tools/bin/../lib/gcc/arm-none-eabi/11.3.1/../../../../arm-none-eabi/lib/thumb/v7e-m+fp/hard\libc_nano.a(libc_a-closer.o)
                              C:/ST/STM32CubeIDE_1.14.0/STM32CubeIDE/plugins/com.st.stm32cube.ide.mcu.externaltools.gnu-tools-for-stm32.11.3.rel1.win32_1.1.100.202309141235/tools/bin/../lib/gcc/arm-none-eabi/11.3.1/../../../../arm-none-eabi/lib/thumb/v7e-m+fp/hard\libc_nano.a(libc_a-stdio.o) (_close_r)
C:/ST/STM32CubeIDE_1.14.0/STM32CubeIDE/plugins/com.st.stm32cube.ide.mcu.externaltools.gnu-tools-for-stm32.11.3.rel1.win32_1.1.100.202309141235/tools/bin/../lib/gcc/arm-none-eabi/11.3.1/../../../../arm-none-eabi/lib/thumb/v7e-m+fp/hard\libc_nano.a(libc_a-reent.o)
                              C:/ST/STM32CubeIDE_1.14.0/STM32CubeIDE/plugins/com.st.stm32cube.ide.mcu.externaltools.gnu-tools-for-stm32.11.3.rel1.win32_1.1.100.202309141235/tools/bin/../lib/gcc/arm-none-eabi/11.3.1/../../../../arm-none-eabi/lib/thumb/v7e-m+fp/hard\libc_nano.a(libc_a-closer.o) (errno)
C:/ST/STM32CubeIDE_1.14.0/STM32CubeIDE/plugins/com.st.stm32cube.ide.mcu.externaltools.gnu-tools-for-stm32.11.3.rel1.win32_1.1.100.202309141235/tools/bin/../lib/gcc/arm-none-eabi/11.3.1/../../../../arm-none-eabi/lib/thumb/v7e-m+fp/hard\libc_nano.a(libc_a-impure.o)
                              C:/ST/STM32CubeIDE_1.14.0/STM32CubeIDE/plugins/com.st.stm32cube.ide.mcu.externaltools.gnu-tools-for-stm32.11.3.rel1.win32_1.1.100.202309141235/tools/bin/../lib/gcc/arm-none-eabi/11.3.1/../../../../arm-none-eabi/lib/thumb/v7e-m+fp/hard\libc_nano.a(libc_a-reent.o) (_impure_ptr)
C:/ST/STM32CubeIDE_1.14.0/STM32CubeIDE/plugins/com.st.stm32cube.ide.mcu.externaltools.gnu-tools-for-stm32.11.3.rel1.win32_1.1.100.202309141235/tools/bin/../lib/gcc/arm-none-eabi/11.3.1/../../../../arm-none-eabi/lib/thumb/v7e-m+fp/hard\libc_nano.a(libc_a-lseekr.o)
[...]
Memory Configuration

Name             Origin             Length             Attributes
CCMRAM           0x0000000010000000 0x0000000000010000 xrw
RAM              0x0000000020000000 0x0000000000050000 xrw
ROM              0x0000000008000000 0x0000000000200000 xr
*default*        0x0000000000000000 0xffffffffffffffff

Linker script and memory map

LOAD C:/ST/STM32CubeIDE_1.14.0/STM32CubeIDE/plugins/com.st.stm32cube.ide.mcu.externaltools.gnu-tools-for-stm32.11.3.rel1.win32_1.1.100.202309141235/tools/bin/../lib/gcc/arm-none-eabi/11.3.1/thumb/v7e-m+fp/hard/crti.o
LOAD C:/ST/STM32CubeIDE_1.14.0/STM32CubeIDE/plugins/com.st.stm32cube.ide.mcu.externaltools.gnu-tools-for-stm32.11.3.rel1.win32_1.1.100.202309141235/tools/bin/../lib/gcc/arm-none-eabi/11.3.1/thumb/v7e-m+fp/hard/crtbegin.o
LOAD C:/ST/STM32CubeIDE_1.14.0/STM32CubeIDE/plugins/com.st.stm32cube.ide.mcu.externaltools.gnu-tools-for-stm32.11.3.rel1.win32_1.1.100.202309141235/tools/bin/../lib/gcc/arm-none-eabi/11.3.1/../../../../arm-none-eabi/lib/thumb/v7e-m+fp/hard/crt0.o
LOAD ./Drivers/BSP/STM32469I-Discovery/stm32469i_discovery.o
LOAD ./Drivers/CMSIS/system_stm32f4xx.o
LOAD ./Drivers/STM32F4xx_HAL_Driver/stm32f4xx_hal.o
LOAD ./Drivers/STM32F4xx_HAL_Driver/stm32f4xx_hal_cortex.o
LOAD ./Drivers/STM32F4xx_HAL_Driver/stm32f4xx_hal_dma.o
LOAD ./Drivers/STM32F4xx_HAL_Driver/stm32f4xx_hal_gpio.o
LOAD ./Drivers/STM32F4xx_HAL_Driver/stm32f4xx_hal_i2c.o
LOAD ./Drivers/STM32F4xx_HAL_Driver/stm32f4xx_hal_i2c_ex.o
LOAD ./Drivers/STM32F4xx_HAL_Driver/stm32f4xx_hal_pwr_ex.o
LOAD ./Drivers/STM32F4xx_HAL_Driver/stm32f4xx_hal_rcc.o
LOAD ./Drivers/STM32F4xx_HAL_Driver/stm32f4xx_hal_rcc_ex.o
LOAD ./Drivers/STM32F4xx_HAL_Driver/stm32f4xx_hal_tim.o
LOAD ./Drivers/STM32F4xx_HAL_Driver/stm32f4xx_hal_tim_ex.o
LOAD ./Drivers/STM32F4xx_HAL_Driver/stm32f4xx_hal_uart.o
LOAD ./Example/Startup/startup_stm32f469nihx.o
LOAD ./Example/User/main.o
LOAD ./Example/User/stm32f4xx_hal_timebase_tim.o
LOAD ./Example/User/stm32f4xx_it.o
LOAD ./Example/User/syscalls.o
LOAD ./Example/User/sysmem.o
LOAD ./Middlewares/FreeRTOS/CMSIS_RTOS/cmsis_os.o
LOAD ./Middlewares/FreeRTOS/list.o
LOAD ./Middlewares/FreeRTOS/queue.o
LOAD ./Middlewares/FreeRTOS/tasks.o
LOAD ./Middlewares/FreeRTOS/timers.o
LOAD ./Middlewares/FreeRTOS/portable/heap_4.o
LOAD ./Middlewares/FreeRTOS/portable/port.o
START GROUP
LOAD C:/ST/STM32CubeIDE_1.14.0/STM32CubeIDE/plugins/com.st.stm32cube.ide.mcu.externaltools.gnu-tools-for-stm32.11.3.rel1.win32_1.1.100.202309141235/tools/bin/../lib/gcc/arm-none-eabi/11.3.1/../../../../arm-none-eabi/lib/thumb/v7e-m+fp/hard\libstdc++_nano.a
LOAD C:/ST/STM32CubeIDE_1.14.0/STM32CubeIDE/plugins/com.st.stm32cube.ide.mcu.externaltools.gnu-tools-for-stm32.11.3.rel1.win32_1.1.100.202309141235/tools/bin/../lib/gcc/arm-none-eabi/11.3.1/../../../../arm-none-eabi/lib/thumb/v7e-m+fp/hard\libsupc++_nano.a
END GROUP
LOAD C:/ST/STM32CubeIDE_1.14.0/STM32CubeIDE/plugins/com.st.stm32cube.ide.mcu.externaltools.gnu-tools-for-stm32.11.3.rel1.win32_1.1.100.202309141235/tools/bin/../lib/gcc/arm-none-eabi/11.3.1/../../../../arm-none-eabi/lib/thumb/v7e-m+fp/hard\libstdc++_nano.a
LOAD C:/ST/STM32CubeIDE_1.14.0/STM32CubeIDE/plugins/com.st.stm32cube.ide.mcu.externaltools.gnu-tools-for-stm32.11.3.rel1.win32_1.1.100.202309141235/tools/bin/../lib/gcc/arm-none-eabi/11.3.1/../../../../arm-none-eabi/lib/thumb/v7e-m+fp/hard\libm.a
LOAD C:/ST/STM32CubeIDE_1.14.0/STM32CubeIDE/plugins/com.st.stm32cube.ide.mcu.externaltools.gnu-tools-for-stm32.11.3.rel1.win32_1.1.100.202309141235/tools/bin/../lib/gcc/arm-none-eabi/11.3.1/../../../../arm-none-eabi/lib/thumb/v7e-m+fp/hard\libc_nano.a
START GROUP
LOAD C:/ST/STM32CubeIDE_1.14.0/STM32CubeIDE/plugins/com.st.stm32cube.ide.mcu.externaltools.gnu-tools-for-stm32.11.3.rel1.win32_1.1.100.202309141235/tools/bin/../lib/gcc/arm-none-eabi/11.3.1/thumb/v7e-m+fp/hard\libgcc.a
LOAD C:/ST/STM32CubeIDE_1.14.0/STM32CubeIDE/plugins/com.st.stm32cube.ide.mcu.externaltools.gnu-tools-for-stm32.11.3.rel1.win32_1.1.100.202309141235/tools/bin/../lib/gcc/arm-none-eabi/11.3.1/../../../../arm-none-eabi/lib/thumb/v7e-m+fp/hard\libc_nano.a
END GROUP
START GROUP
LOAD C:/ST/STM32CubeIDE_1.14.0/STM32CubeIDE/plugins/com.st.stm32cube.ide.mcu.externaltools.gnu-tools-for-stm32.11.3.rel1.win32_1.1.100.202309141235/tools/bin/../lib/gcc/arm-none-eabi/11.3.1/thumb/v7e-m+fp/hard\libgcc.a
LOAD C:/ST/STM32CubeIDE_1.14.0/STM32CubeIDE/plugins/com.st.stm32cube.ide.mcu.externaltools.gnu-tools-for-stm32.11.3.rel1.win32_1.1.100.202309141235/tools/bin/../lib/gcc/arm-none-eabi/11.3.1/../../../../arm-none-eabi/lib/thumb/v7e-m+fp/hard\libc_nano.a
END GROUP
LOAD C:/ST/STM32CubeIDE_1.14.0/STM32CubeIDE/plugins/com.st.stm32cube.ide.mcu.externaltools.gnu-tools-for-stm32.11.3.rel1.win32_1.1.100.202309141235/tools/bin/../lib/gcc/arm-none-eabi/11.3.1/thumb/v7e-m+fp/hard/crtend.o
LOAD C:/ST/STM32CubeIDE_1.14.0/STM32CubeIDE/plugins/com.st.stm32cube.ide.mcu.externaltools.gnu-tools-for-stm32.11.3.rel1.win32_1.1.100.202309141235/tools/bin/../lib/gcc/arm-none-eabi/11.3.1/thumb/v7e-m+fp/hard/crtn.o
                0x0000000020050000                _estack = (ORIGIN (RAM) + LENGTH (RAM))
                0x0000000000000200                _Min_Heap_Size = 0x200
                0x0000000000000400                _Min_Stack_Size = 0x400

.isr_vector     0x0000000008000000      0x1b4
                0x0000000008000000                . = ALIGN (0x4)
 *(.isr_vector)
 .isr_vector    0x0000000008000000      0x1b4 ./Example/Startup/startup_stm32f469nihx.o
                0x0000000008000000                g_pfnVectors
                0x00000000080001b4                . = ALIGN (0x4)

.text           0x00000000080001c0     0x5a18
                0x00000000080001c0                . = ALIGN (0x4)
 *(.text)
 .text          0x00000000080001c0       0x40 C:/ST/STM32CubeIDE_1.14.0/STM32CubeIDE/plugins/com.st.stm32cube.ide.mcu.externaltools.gnu-tools-for-stm32.11.3.rel1.win32_1.1.100.202309141235/tools/bin/../lib/gcc/arm-none-eabi/11.3.1/thumb/v7e-m+fp/hard/crtbegin.o
 .text          0x0000000008000200       0x30 C:/ST/STM32CubeIDE_1.14.0/STM32CubeIDE/plugins/com.st.stm32cube.ide.mcu.externaltools.gnu-tools-for-stm32.11.3.rel1.win32_1.1.100.202309141235/tools/bin/../lib/gcc/arm-none-eabi/11.3.1/thumb/v7e-m+fp/hard\libgcc.a(_aeabi_uldivmod.o)
                0x0000000008000200                __aeabi_uldivmod
 .text          0x0000000008000230      0x2c8 C:/ST/STM32CubeIDE_1.14.0/STM32CubeIDE/plugins/com.st.stm32cube.ide.mcu.externaltools.gnu-tools-for-stm32.11.3.rel1.win32_1.1.100.202309141235/tools/bin/../lib/gcc/arm-none-eabi/11.3.1/thumb/v7e-m+fp/hard\libgcc.a(_udivmoddi4.o)
                0x0000000008000230                __udivmoddi4
 .text          0x00000000080004f8      0xa00 C:/ST/STM32CubeIDE_1.14.0/STM32CubeIDE/plugins/com.st.stm32cube.ide.mcu.externaltools.gnu-tools-for-stm32.11.3.rel1.win32_1.1.100.202309141235/tools/bin/../lib/gcc/arm-none-eabi/11.3.1/thumb/v7e-m+fp/hard\libgcc.a(unwind-arm.o)
                0x000000000800079c                _Unwind_GetCFA
                0x00000000080007a0                __gnu_Unwind_RaiseException
                0x0000000008000808                __gnu_Unwind_ForcedUnwind
                0x0000000008000818                __gnu_Unwind_Resume
                0x000000000800085c                __gnu_Unwind_Resume_or_Rethrow
                0x000000000800086c                _Unwind_Complete
                0x0000000008000870                _Unwind_DeleteException
                0x000000000800087c                _Unwind_VRS_Get
                0x00000000080008c8                _Unwind_VRS_Set
                0x0000000008000910                __gnu_Unwind_Backtrace
                0x0000000008000c3c                __aeabi_unwind_cpp_pr0
                0x0000000008000c40                __aeabi_unwind_cpp_pr1
                0x0000000008000c44                __aeabi_unwind_cpp_pr2
                0x0000000008000c48                _Unwind_VRS_Pop
 .text          0x0000000008000ef8      0x1ac C:/ST/STM32CubeIDE_1.14.0/STM32CubeIDE/plugins/com.st.stm32cube.ide.mcu.externaltools.gnu-tools-for-stm32.11.3.rel1.win32_1.1.100.202309141235/tools/bin/../lib/gcc/arm-none-eabi/11.3.1/thumb/v7e-m+fp/hard\libgcc.a(libunwind.o)
                0x0000000008000ef8                __restore_core_regs
                0x0000000008000ef8                restore_core_regs
                0x0000000008000f10                __gnu_Unwind_Restore_VFP
                0x0000000008000f18                __gnu_Unwind_Save_VFP
                0x0000000008000f20                __gnu_Unwind_Restore_VFP_D
                0x0000000008000f28                __gnu_Unwind_Save_VFP_D
                0x0000000008000f30                __gnu_Unwind_Restore_VFP_D_16_to_31
                0x0000000008000f38                __gnu_Unwind_Save_VFP_D_16_to_31
                0x0000000008000f40                __gnu_Unwind_Restore_WMMXD
                0x0000000008000f84                __gnu_Unwind_Save_WMMXD
                0x0000000008000fc8                __gnu_Unwind_Restore_WMMXC
                0x0000000008000fdc                __gnu_Unwind_Save_WMMXC
                0x0000000008000ff0                ___Unwind_RaiseException
                0x0000000008000ff0                _Unwind_RaiseException
                0x0000000008001014                _Unwind_Resume
                0x0000000008001014                ___Unwind_Resume
                0x0000000008001038                _Unwind_Resume_or_Rethrow
                0x0000000008001038                ___Unwind_Resume_or_Rethrow
                0x000000000800105c                _Unwind_ForcedUnwind
                0x000000000800105c                ___Unwind_ForcedUnwind
                0x0000000008001080                ___Unwind_Backtrace
                0x0000000008001080                _Unwind_Backtrace
 .text          0x00000000080010a4      0x330 C:/ST/STM32CubeIDE_1.14.0/STM32CubeIDE/plugins/com.st.stm32cube.ide.mcu.externaltools.gnu-tools-for-stm32.11.3.rel1.win32_1.1.100.202309141235/tools/bin/../lib/gcc/arm-none-eabi/11.3.1/thumb/v7e-m+fp/hard\libgcc.a(pr-support.o)
                0x00000000080010fc                __gnu_unwind_execute
                0x0000000008001388                __gnu_unwind_frame
                0x00000000080013b4                _Unwind_GetRegionStart
                0x00000000080013c0                _Unwind_GetLanguageSpecificData
 .text          0x00000000080013d4        0x4 C:/ST/STM32CubeIDE_1.14.0/STM32CubeIDE/plugins/com.st.stm32cube.ide.mcu.externaltools.gnu-tools-for-stm32.11.3.rel1.win32_1.1.100.202309141235/tools/bin/../lib/gcc/arm-none-eabi/11.3.1/thumb/v7e-m+fp/hard\libgcc.a(_dvmd_tls.o)
                0x00000000080013d4                __aeabi_idiv0
                0x00000000080013d4                __aeabi_ldiv0
 *(.text*)
 .text.BSP_LED_Init
                0x00000000080013d8      0x100 ./Drivers/BSP/STM32469I-Discovery/stm32469i_discovery.o
                0x00000000080013d8                BSP_LED_Init
 .text.BSP_LED_On
                0x00000000080014d8       0x3c ./Drivers/BSP/STM32469I-Discovery/stm32469i_discovery.o
                0x00000000080014d8                BSP_LED_On
 .text.BSP_LED_Off
                0x0000000008001514       0x3c ./Drivers/BSP/STM32469I-Discovery/stm32469i_discovery.o
                0x0000000008001514                BSP_LED_Off
 .text.BSP_LED_Toggle
                0x0000000008001550       0x3c ./Drivers/BSP/STM32469I-Discovery/stm32469i_discovery.o
                0x0000000008001550                BSP_LED_Toggle
 .text.SystemInit
                0x000000000800158c       0x6c ./Drivers/CMSIS/system_stm32f4xx.o
                0x000000000800158c                SystemInit
 .text.HAL_Init
                0x00000000080015f8       0x44 ./Drivers/STM32F4xx_HAL_Driver/stm32f4xx_hal.o
                0x00000000080015f8                HAL_Init
 .text.HAL_MspInit
                0x000000000800163c        0xe ./Drivers/STM32F4xx_HAL_Driver/stm32f4xx_hal.o
                0x000000000800163c                HAL_MspInit
 *fill*         0x000000000800164a        0x2 
 .text.HAL_IncTick
                0x000000000800164c       0x28 ./Drivers/STM32F4xx_HAL_Driver/stm32f4xx_hal.o
                0x000000000800164c                HAL_IncTick
 .text.HAL_GetTick
                0x0000000008001674       0x18 ./Drivers/STM32F4xx_HAL_Driver/stm32f4xx_hal.o
                0x0000000008001674                HAL_GetTick
 .text.__NVIC_SetPriorityGrouping
                0x000000000800168c       0x48 ./Drivers/STM32F4xx_HAL_Driver/stm32f4xx_hal_cortex.o
 .text.__NVIC_GetPriorityGrouping
                0x00000000080016d4       0x1c ./Drivers/STM32F4xx_HAL_Driver/stm32f4xx_hal_cortex.o
 .text.__NVIC_EnableIRQ
                0x00000000080016f0       0x3c ./Drivers/STM32F4xx_HAL_Driver/stm32f4xx_hal_cortex.o
 .text.__NVIC_SetPriority
                0x000000000800172c       0x54 ./Drivers/STM32F4xx_HAL_Driver/stm32f4xx_hal_cortex.o
 .text.NVIC_EncodePriority
                0x0000000008001780       0x66 ./Drivers/STM32F4xx_HAL_Driver/stm32f4xx_hal_cortex.o
 .text.HAL_NVIC_SetPriorityGrouping
                0x00000000080017e6       0x16 ./Drivers/STM32F4xx_HAL_Driver/stm32f4xx_hal_cortex.o
                0x00000000080017e6                HAL_NVIC_SetPriorityGrouping
 .text.HAL_NVIC_SetPriority
                0x00000000080017fc       0x38 ./Drivers/STM32F4xx_HAL_Driver/stm32f4xx_hal_cortex.o
                0x00000000080017fc                HAL_NVIC_SetPriority
 .text.HAL_NVIC_EnableIRQ
                0x0000000008001834       0x1c ./Drivers/STM32F4xx_HAL_Driver/stm32f4xx_hal_cortex.o
                0x0000000008001834                HAL_NVIC_EnableIRQ
 .text.HAL_GPIO_Init
                0x0000000008001850      0x358 ./Drivers/STM32F4xx_HAL_Driver/stm32f4xx_hal_gpio.o
                0x0000000008001850                HAL_GPIO_Init
 .text.HAL_GPIO_WritePin
                0x0000000008001ba8       0x32 ./Drivers/STM32F4xx_HAL_Driver/stm32f4xx_hal_gpio.o
                0x0000000008001ba8                HAL_GPIO_WritePin
 .text.HAL_GPIO_TogglePin
                0x0000000008001bda       0x34 ./Drivers/STM32F4xx_HAL_Driver/stm32f4xx_hal_gpio.o
                0x0000000008001bda                HAL_GPIO_TogglePin
 *fill*         0x0000000008001c0e        0x2 
 .text.HAL_PWREx_EnableOverDrive
                0x0000000008001c10       0xa0 ./Drivers/STM32F4xx_HAL_Driver/stm32f4xx_hal_pwr_ex.o
                0x0000000008001c10                HAL_PWREx_EnableOverDrive
 .text.HAL_RCC_ClockConfig
                0x0000000008001cb0      0x1cc ./Drivers/STM32F4xx_HAL_Driver/stm32f4xx_hal_rcc.o
                0x0000000008001cb0                HAL_RCC_ClockConfig
 .text.HAL_RCC_GetSysClockFreq
                0x0000000008001e7c      0x20c ./Drivers/STM32F4xx_HAL_Driver/stm32f4xx_hal_rcc.o
                0x0000000008001e7c                HAL_RCC_GetSysClockFreq
 .text.HAL_RCC_GetHCLKFreq
                0x0000000008002088       0x18 ./Drivers/STM32F4xx_HAL_Driver/stm32f4xx_hal_rcc.o
                0x0000000008002088                HAL_RCC_GetHCLKFreq
 .text.HAL_RCC_GetPCLK1Freq
                0x00000000080020a0       0x28 ./Drivers/STM32F4xx_HAL_Driver/stm32f4xx_hal_rcc.o
                0x00000000080020a0                HAL_RCC_GetPCLK1Freq
 .text.HAL_RCC_GetClockConfig
                0x00000000080020c8       0x64 ./Drivers/STM32F4xx_HAL_Driver/stm32f4xx_hal_rcc.o
                0x00000000080020c8                HAL_RCC_GetClockConfig
 .text.HAL_RCC_OscConfig
                0x000000000800212c      0x508 ./Drivers/STM32F4xx_HAL_Driver/stm32f4xx_hal_rcc_ex.o
                0x000000000800212c                HAL_RCC_OscConfig
 .text.HAL_TIM_Base_Init
                0x0000000008002634       0x9e ./Drivers/STM32F4xx_HAL_Driver/stm32f4xx_hal_tim.o
                0x0000000008002634                HAL_TIM_Base_Init
 .text.HAL_TIM_Base_MspInit
                0x00000000080026d2       0x14 ./Drivers/STM32F4xx_HAL_Driver/stm32f4xx_hal_tim.o
                0x00000000080026d2                HAL_TIM_Base_MspInit
 *fill*         0x00000000080026e6        0x2 
 .text.HAL_TIM_Base_Start_IT
                0x00000000080026e8       0xe0 ./Drivers/STM32F4xx_HAL_Driver/stm32f4xx_hal_tim.o
                0x00000000080026e8                HAL_TIM_Base_Start_IT
 .text.HAL_TIM_IRQHandler
                0x00000000080027c8      0x1e0 ./Drivers/STM32F4xx_HAL_Driver/stm32f4xx_hal_tim.o
                0x00000000080027c8                HAL_TIM_IRQHandler
 .text.HAL_TIM_OC_DelayElapsedCallback
                0x00000000080029a8       0x14 ./Drivers/STM32F4xx_HAL_Driver/stm32f4xx_hal_tim.o
                0x00000000080029a8                HAL_TIM_OC_DelayElapsedCallback
 .text.HAL_TIM_IC_CaptureCallback
                0x00000000080029bc       0x14 ./Drivers/STM32F4xx_HAL_Driver/stm32f4xx_hal_tim.o
                0x00000000080029bc                HAL_TIM_IC_CaptureCallback
 .text.HAL_TIM_PWM_PulseFinishedCallback
                0x00000000080029d0       0x14 ./Drivers/STM32F4xx_HAL_Driver/stm32f4xx_hal_tim.o
                0x00000000080029d0                HAL_TIM_PWM_PulseFinishedCallback
 .text.HAL_TIM_TriggerCallback
                0x00000000080029e4       0x14 ./Drivers/STM32F4xx_HAL_Driver/stm32f4xx_hal_tim.o
                0x00000000080029e4                HAL_TIM_TriggerCallback
 .text.TIM_Base_SetConfig
                0x00000000080029f8      0x158 ./Drivers/STM32F4xx_HAL_Driver/stm32f4xx_hal_tim.o
                0x00000000080029f8                TIM_Base_SetConfig
 .text.HAL_TIMEx_CommutCallback
                0x0000000008002b50       0x14 ./Drivers/STM32F4xx_HAL_Driver/stm32f4xx_hal_tim_ex.o
                0x0000000008002b50                HAL_TIMEx_CommutCallback
 .text.HAL_TIMEx_BreakCallback
                0x0000000008002b64       0x14 ./Drivers/STM32F4xx_HAL_Driver/stm32f4xx_hal_tim_ex.o
                0x0000000008002b64                HAL_TIMEx_BreakCallback
 .text.Reset_Handler
                0x0000000008002b78       0x50 ./Example/Startup/startup_stm32f469nihx.o
                0x0000000008002b78                Reset_Handler
 .text.Default_Handler
                0x0000000008002bc8        0x2 ./Example/Startup/startup_stm32f469nihx.o
                0x0000000008002bc8                RTC_Alarm_IRQHandler
                0x0000000008002bc8                HASH_RNG_IRQHandler
                0x0000000008002bc8                EXTI2_IRQHandler
                0x0000000008002bc8                TIM8_CC_IRQHandler
                0x0000000008002bc8                UART8_IRQHandler
                0x0000000008002bc8                SPI4_IRQHandler
                0x0000000008002bc8                TIM1_CC_IRQHandler
                0x0000000008002bc8                DMA2_Stream5_IRQHandler
                0x0000000008002bc8                DMA1_Stream5_IRQHandler
                0x0000000008002bc8                PVD_IRQHandler
                0x0000000008002bc8                SDIO_IRQHandler
                0x0000000008002bc8                TAMP_STAMP_IRQHandler
                0x0000000008002bc8                CAN2_RX1_IRQHandler
                0x0000000008002bc8                EXTI3_IRQHandler
                0x0000000008002bc8                TIM8_TRG_COM_TIM14_IRQHandler
                0x0000000008002bc8                TIM1_UP_TIM10_IRQHandler
                0x0000000008002bc8                TIM8_UP_TIM13_IRQHandler
                0x0000000008002bc8                I2C3_ER_IRQHandler
                0x0000000008002bc8                EXTI0_IRQHandler
                0x0000000008002bc8                I2C2_EV_IRQHandler
                0x0000000008002bc8                DMA1_Stream2_IRQHandler
                0x0000000008002bc8                CAN1_RX0_IRQHandler
                0x0000000008002bc8                FPU_IRQHandler
                0x0000000008002bc8                OTG_HS_WKUP_IRQHandler
                0x0000000008002bc8                LTDC_ER_IRQHandler
                0x0000000008002bc8                CAN2_SCE_IRQHandler
                0x0000000008002bc8                DMA2_Stream2_IRQHandler
                0x0000000008002bc8                SPI1_IRQHandler
                0x0000000008002bc8                TIM1_BRK_TIM9_IRQHandler
                0x0000000008002bc8                DCMI_IRQHandler
                0x0000000008002bc8                CAN2_RX0_IRQHandler
                0x0000000008002bc8                DMA2_Stream3_IRQHandler
                0x0000000008002bc8                USART6_IRQHandler
                0x0000000008002bc8                USART3_IRQHandler
                0x0000000008002bc8                CAN1_RX1_IRQHandler
                0x0000000008002bc8                UART5_IRQHandler
                0x0000000008002bc8                DMA2_Stream0_IRQHandler
                0x0000000008002bc8                TIM4_IRQHandler
                0x0000000008002bc8                QUADSPI_IRQHandler
                0x0000000008002bc8                I2C1_EV_IRQHandler
                0x0000000008002bc8                DMA1_Stream6_IRQHandler
                0x0000000008002bc8                DMA1_Stream1_IRQHandler
                0x0000000008002bc8                UART4_IRQHandler
                0x0000000008002bc8                TIM3_IRQHandler
                0x0000000008002bc8                RCC_IRQHandler
                0x0000000008002bc8                TIM8_BRK_TIM12_IRQHandler
                0x0000000008002bc8                Default_Handler
                0x0000000008002bc8                EXTI15_10_IRQHandler
                0x0000000008002bc8                ADC_IRQHandler
                0x0000000008002bc8                DMA1_Stream7_IRQHandler
                0x0000000008002bc8                SPI5_IRQHandler
                0x0000000008002bc8                TIM7_IRQHandler
                0x0000000008002bc8                CAN2_TX_IRQHandler
                0x0000000008002bc8                TIM5_IRQHandler
                0x0000000008002bc8                DMA2_Stream7_IRQHandler
                0x0000000008002bc8                I2C3_EV_IRQHandler
                0x0000000008002bc8                EXTI9_5_IRQHandler
                0x0000000008002bc8                RTC_WKUP_IRQHandler
                0x0000000008002bc8                LTDC_IRQHandler
                0x0000000008002bc8                ETH_WKUP_IRQHandler
                0x0000000008002bc8                SPI2_IRQHandler
                0x0000000008002bc8                OTG_HS_EP1_IN_IRQHandler
                0x0000000008002bc8                DMA1_Stream0_IRQHandler
                0x0000000008002bc8                CAN1_TX_IRQHandler
                0x0000000008002bc8                EXTI4_IRQHandler
                0x0000000008002bc8                DSI_IRQHandler
                0x0000000008002bc8                ETH_IRQHandler
                0x0000000008002bc8                OTG_HS_EP1_OUT_IRQHandler
                0x0000000008002bc8                WWDG_IRQHandler
                0x0000000008002bc8                SPI6_IRQHandler
                0x0000000008002bc8                TIM2_IRQHandler
                0x0000000008002bc8                OTG_FS_WKUP_IRQHandler
                0x0000000008002bc8                TIM1_TRG_COM_TIM11_IRQHandler
                0x0000000008002bc8                OTG_HS_IRQHandler
                0x0000000008002bc8                DMA2D_IRQHandler
                0x0000000008002bc8                EXTI1_IRQHandler
                0x0000000008002bc8                UART7_IRQHandler
                0x0000000008002bc8                USART2_IRQHandler
                0x0000000008002bc8                I2C2_ER_IRQHandler
                0x0000000008002bc8                DMA2_Stream1_IRQHandler
                0x0000000008002bc8                CAN1_SCE_IRQHandler
                0x0000000008002bc8                FLASH_IRQHandler
                0x0000000008002bc8                DMA2_Stream4_IRQHandler
                0x0000000008002bc8                USART1_IRQHandler
                0x0000000008002bc8                OTG_FS_IRQHandler
                0x0000000008002bc8                SPI3_IRQHandler
                0x0000000008002bc8                DMA1_Stream4_IRQHandler
                0x0000000008002bc8                I2C1_ER_IRQHandler
                0x0000000008002bc8                FMC_IRQHandler
                0x0000000008002bc8                DMA2_Stream6_IRQHandler
                0x0000000008002bc8                SAI1_IRQHandler
                0x0000000008002bc8                DMA1_Stream3_IRQHandler
 *fill*         0x0000000008002bca        0x2 
 .text.main     0x0000000008002bcc       0x70 ./Example/User/main.o
                0x0000000008002bcc                main
 .text._ZN10LEDControl15Thread1FunctionEPKv
                0x0000000008002c3c       0x90 ./Example/User/main.o
                0x0000000008002c3c                LEDControl::Thread1Function(void const*)
 .text._ZN10LEDControl15Thread2FunctionEPKv
                0x0000000008002ccc       0x58 ./Example/User/main.o
                0x0000000008002ccc                LEDControl::Thread2Function(void const*)
 .text._ZN10LEDControl20ConfigureSystemClockEv
                0x0000000008002d24       0xe8 ./Example/User/main.o
                0x0000000008002d24                LEDControl::ConfigureSystemClock()
 .text._ZN10LEDControl11HandleErrorEv
                0x0000000008002e0c        0xc ./Example/User/main.o
                0x0000000008002e0c                LEDControl::HandleError()
 .text.HAL_InitTick
                0x0000000008002e18       0xcc ./Example/User/stm32f4xx_hal_timebase_tim.o
                0x0000000008002e18                HAL_InitTick
 .text.HAL_TIM_PeriodElapsedCallback
                0x0000000008002ee4       0x14 ./Example/User/stm32f4xx_hal_timebase_tim.o
                0x0000000008002ee4                HAL_TIM_PeriodElapsedCallback
 .text.TIM6_DAC_IRQHandler
                0x0000000008002ef8       0x14 ./Example/User/stm32f4xx_hal_timebase_tim.o
                0x0000000008002ef8                TIM6_DAC_IRQHandler
 .text.NMI_Handler
                0x0000000008002f0c        0xe ./Example/User/stm32f4xx_it.o
                0x0000000008002f0c                NMI_Handler
 .text.HardFault_Handler
                0x0000000008002f1a        0x6 ./Example/User/stm32f4xx_it.o
                0x0000000008002f1a                HardFault_Handler
 .text.MemManage_Handler
                0x0000000008002f20        0x6 ./Example/User/stm32f4xx_it.o
                0x0000000008002f20                MemManage_Handler
 .text.BusFault_Handler
                0x0000000008002f26        0x6 ./Example/User/stm32f4xx_it.o
                0x0000000008002f26                BusFault_Handler
 .text.UsageFault_Handler
                0x0000000008002f2c        0x6 ./Example/User/stm32f4xx_it.o
                0x0000000008002f2c                UsageFault_Handler
 .text.DebugMon_Handler
                0x0000000008002f32        0xe ./Example/User/stm32f4xx_it.o
                0x0000000008002f32                DebugMon_Handler
 .text.SysTick_Handler
                0x0000000008002f40        0xc ./Example/User/stm32f4xx_it.o
                0x0000000008002f40                SysTick_Handler
 .text._getpid  0x0000000008002f4c       0x10 ./Example/User/syscalls.o
                0x0000000008002f4c                _getpid
 .text._kill    0x0000000008002f5c       0x20 ./Example/User/syscalls.o
                0x0000000008002f5c                _kill
 .text._exit    0x0000000008002f7c       0x14 ./Example/User/syscalls.o
                0x0000000008002f7c                _exit
 .text.makeFreeRtosPriority
                0x0000000008002f90       0x30 ./Middlewares/FreeRTOS/CMSIS_RTOS/cmsis_os.o
 .text.inHandlerMode
                0x0000000008002fc0       0x24 ./Middlewares/FreeRTOS/CMSIS_RTOS/cmsis_os.o
 .text.osKernelStart
                0x0000000008002fe4        0xe ./Middlewares/FreeRTOS/CMSIS_RTOS/cmsis_os.o
                0x0000000008002fe4                osKernelStart
 .text.osKernelSysTick
                0x0000000008002ff2       0x20 ./Middlewares/FreeRTOS/CMSIS_RTOS/cmsis_os.o
                0x0000000008002ff2                osKernelSysTick
 .text.osThreadCreate
                0x0000000008003012       0x4e ./Middlewares/FreeRTOS/CMSIS_RTOS/cmsis_os.o
                0x0000000008003012                osThreadCreate
 .text.osDelay  0x0000000008003060       0x28 ./Middlewares/FreeRTOS/CMSIS_RTOS/cmsis_os.o
                0x0000000008003060                osDelay
 .text.osSystickHandler
                0x0000000008003088       0x16 ./Middlewares/FreeRTOS/CMSIS_RTOS/cmsis_os.o
                0x0000000008003088                osSystickHandler
 .text.osThreadSuspend
                0x000000000800309e       0x18 ./Middlewares/FreeRTOS/CMSIS_RTOS/cmsis_os.o
                0x000000000800309e                osThreadSuspend
 *fill*         0x00000000080030b6        0x2 
 .text.osThreadResume
                0x00000000080030b8       0x44 ./Middlewares/FreeRTOS/CMSIS_RTOS/cmsis_os.o
                0x00000000080030b8                osThreadResume
 .text.vListInitialise
                0x00000000080030fc       0x40 ./Middlewares/FreeRTOS/list.o
                0x00000000080030fc                vListInitialise
 .text.vListInitialiseItem
                0x000000000800313c       0x1a ./Middlewares/FreeRTOS/list.o
                0x000000000800313c                vListInitialiseItem
 .text.vListInsertEnd
                0x0000000008003156       0x48 ./Middlewares/FreeRTOS/list.o
                0x0000000008003156                vListInsertEnd
 .text.vListInsert
                0x000000000800319e       0x72 ./Middlewares/FreeRTOS/list.o
                0x000000000800319e                vListInsert
 .text.uxListRemove
                0x0000000008003210       0x54 ./Middlewares/FreeRTOS/list.o
                0x0000000008003210                uxListRemove
 .text.xQueueGenericReset
                0x0000000008003264       0xd0 ./Middlewares/FreeRTOS/queue.o
                0x0000000008003264                xQueueGenericReset
 .text.xQueueGenericCreate
                0x0000000008003334       0x6c ./Middlewares/FreeRTOS/queue.o
                0x0000000008003334                xQueueGenericCreate
 .text.prvInitialiseNewQueue
                0x00000000080033a0       0x46 ./Middlewares/FreeRTOS/queue.o
 *fill*         0x00000000080033e6        0x2 
 .text.xQueueGenericSend
                0x00000000080033e8      0x1fc ./Middlewares/FreeRTOS/queue.o
                0x00000000080033e8                xQueueGenericSend
 .text.xQueueGenericSendFromISR
                0x00000000080035e4      0x136 ./Middlewares/FreeRTOS/queue.o
                0x00000000080035e4                xQueueGenericSendFromISR
 *fill*         0x000000000800371a        0x2 
 .text.xQueueReceive
                0x000000000800371c      0x1c0 ./Middlewares/FreeRTOS/queue.o
                0x000000000800371c                xQueueReceive
 .text.prvCopyDataToQueue
                0x00000000080038dc       0xd4 ./Middlewares/FreeRTOS/queue.o
 .text.prvCopyDataFromQueue
                0x00000000080039b0       0x4c ./Middlewares/FreeRTOS/queue.o
 .text.prvUnlockQueue
                0x00000000080039fc       0xa4 ./Middlewares/FreeRTOS/queue.o
 .text.prvIsQueueEmpty
                0x0000000008003aa0       0x2c ./Middlewares/FreeRTOS/queue.o
 .text.prvIsQueueFull
                0x0000000008003acc       0x30 ./Middlewares/FreeRTOS/queue.o
 .text.vQueueAddToRegistry
                0x0000000008003afc       0x54 ./Middlewares/FreeRTOS/queue.o
                0x0000000008003afc                vQueueAddToRegistry
 .text.vQueueWaitForMessageRestricted
                0x0000000008003b50       0x68 ./Middlewares/FreeRTOS/queue.o
                0x0000000008003b50                vQueueWaitForMessageRestricted
 .text.xTaskCreate
                0x0000000008003bb8       0x82 ./Middlewares/FreeRTOS/tasks.o
                0x0000000008003bb8                xTaskCreate
 .text.prvInitialiseNewTask
                0x0000000008003c3a      0x11e ./Middlewares/FreeRTOS/tasks.o
 .text.prvAddNewTaskToReadyList
                0x0000000008003d58       0xdc ./Middlewares/FreeRTOS/tasks.o
 .text.vTaskDelay
                0x0000000008003e34       0x68 ./Middlewares/FreeRTOS/tasks.o
                0x0000000008003e34                vTaskDelay
 .text.vTaskSuspend
                0x0000000008003e9c      0x124 ./Middlewares/FreeRTOS/tasks.o
                0x0000000008003e9c                vTaskSuspend
 .text.prvTaskIsTaskSuspended
                0x0000000008003fc0       0x64 ./Middlewares/FreeRTOS/tasks.o
 .text.vTaskResume
                0x0000000008004024       0xbc ./Middlewares/FreeRTOS/tasks.o
                0x0000000008004024                vTaskResume
 .text.xTaskResumeFromISR
                0x00000000080040e0       0xe4 ./Middlewares/FreeRTOS/tasks.o
                0x00000000080040e0                xTaskResumeFromISR
 .text.vTaskStartScheduler
                0x00000000080041c4       0x9c ./Middlewares/FreeRTOS/tasks.o
                0x00000000080041c4                vTaskStartScheduler
 .text.vTaskSuspendAll
                0x0000000008004260       0x1c ./Middlewares/FreeRTOS/tasks.o
                0x0000000008004260                vTaskSuspendAll
 .text.xTaskResumeAll
                0x000000000800427c      0x138 ./Middlewares/FreeRTOS/tasks.o
                0x000000000800427c                xTaskResumeAll
 .text.xTaskGetTickCount
                0x00000000080043b4       0x20 ./Middlewares/FreeRTOS/tasks.o
                0x00000000080043b4                xTaskGetTickCount
 .text.xTaskGetTickCountFromISR
                0x00000000080043d4       0x24 ./Middlewares/FreeRTOS/tasks.o
                0x00000000080043d4                xTaskGetTickCountFromISR
 .text.xTaskIncrementTick
                0x00000000080043f8      0x170 ./Middlewares/FreeRTOS/tasks.o
                0x00000000080043f8                xTaskIncrementTick
 .text.vTaskSwitchContext
                0x0000000008004568       0xb8 ./Middlewares/FreeRTOS/tasks.o
                0x0000000008004568                vTaskSwitchContext
 .text.vTaskPlaceOnEventList
                0x0000000008004620       0x48 ./Middlewares/FreeRTOS/tasks.o
                0x0000000008004620                vTaskPlaceOnEventList
 .text.vTaskPlaceOnEventListRestricted
                0x0000000008004668       0x58 ./Middlewares/FreeRTOS/tasks.o
                0x0000000008004668                vTaskPlaceOnEventListRestricted
 .text.xTaskRemoveFromEventList
                0x00000000080046c0       0xc4 ./Middlewares/FreeRTOS/tasks.o
                0x00000000080046c0                xTaskRemoveFromEventList
 .text.vTaskInternalSetTimeOutState
                0x0000000008004784       0x2c ./Middlewares/FreeRTOS/tasks.o
                0x0000000008004784                vTaskInternalSetTimeOutState
 .text.xTaskCheckForTimeOut
                0x00000000080047b0       0xc4 ./Middlewares/FreeRTOS/tasks.o
                0x00000000080047b0                xTaskCheckForTimeOut
 .text.vTaskMissedYield
                0x0000000008004874       0x18 ./Middlewares/FreeRTOS/tasks.o
                0x0000000008004874                vTaskMissedYield
 .text.prvIdleTask
                0x000000000800488c       0x30 ./Middlewares/FreeRTOS/tasks.o
 .text.prvInitialiseTaskLists
                0x00000000080048bc       0x80 ./Middlewares/FreeRTOS/tasks.o
 .text.prvCheckTasksWaitingTermination
                0x000000000800493c       0x5c ./Middlewares/FreeRTOS/tasks.o
 .text.prvDeleteTCB
                0x0000000008004998       0x20 ./Middlewares/FreeRTOS/tasks.o
 .text.prvResetNextTaskUnblockTime
                0x00000000080049b8       0x40 ./Middlewares/FreeRTOS/tasks.o
 .text.xTaskGetSchedulerState
                0x00000000080049f8       0x3c ./Middlewares/FreeRTOS/tasks.o
                0x00000000080049f8                xTaskGetSchedulerState
 .text.xTaskPriorityDisinherit
                0x0000000008004a34      0x10c ./Middlewares/FreeRTOS/tasks.o
                0x0000000008004a34                xTaskPriorityDisinherit
 .text.prvAddCurrentTaskToDelayedList
                0x0000000008004b40       0xcc ./Middlewares/FreeRTOS/tasks.o
 .text.xTimerCreateTimerTask
                0x0000000008004c0c       0x64 ./Middlewares/FreeRTOS/timers.o
                0x0000000008004c0c                xTimerCreateTimerTask
 .text.xTimerGenericCommand
                0x0000000008004c70       0x9c ./Middlewares/FreeRTOS/timers.o
                0x0000000008004c70                xTimerGenericCommand
 .text.prvProcessExpiredTimer
                0x0000000008004d0c       0x98 ./Middlewares/FreeRTOS/timers.o
 .text.prvTimerTask
                0x0000000008004da4       0x24 ./Middlewares/FreeRTOS/timers.o
 .text.prvProcessTimerOrBlockTask
                0x0000000008004dc8       0x9c ./Middlewares/FreeRTOS/timers.o
 .text.prvGetNextExpireTime
                0x0000000008004e64       0x48 ./Middlewares/FreeRTOS/timers.o
 .text.prvSampleTimeNow
                0x0000000008004eac       0x40 ./Middlewares/FreeRTOS/timers.o
 .text.prvInsertTimerInActiveList
                0x0000000008004eec       0x84 ./Middlewares/FreeRTOS/timers.o
 .text.prvProcessReceivedCommands
                0x0000000008004f70      0x18c ./Middlewares/FreeRTOS/timers.o
 .text.prvSwitchTimerLists
                0x00000000080050fc       0xc8 ./Middlewares/FreeRTOS/timers.o
 .text.prvCheckForValidListAndQueue
                0x00000000080051c4       0x6c ./Middlewares/FreeRTOS/timers.o
 .text.pvPortMalloc
                0x0000000008005230      0x198 ./Middlewares/FreeRTOS/portable/heap_4.o
                0x0000000008005230                pvPortMalloc
 .text.vPortFree
                0x00000000080053c8       0xc4 ./Middlewares/FreeRTOS/portable/heap_4.o
                0x00000000080053c8                vPortFree
 .text.prvHeapInit
                0x000000000800548c       0xc4 ./Middlewares/FreeRTOS/portable/heap_4.o
 .text.prvInsertBlockIntoFreeList
                0x0000000008005550       0xb4 ./Middlewares/FreeRTOS/portable/heap_4.o
 .text.pxPortInitialiseStack
                0x0000000008005604       0x68 ./Middlewares/FreeRTOS/portable/port.o
                0x0000000008005604                pxPortInitialiseStack
 .text.prvTaskExitError
                0x000000000800566c       0x58 ./Middlewares/FreeRTOS/portable/port.o
 *fill*         0x00000000080056c4        0xc 
 .text.SVC_Handler
                0x00000000080056d0       0x28 ./Middlewares/FreeRTOS/portable/port.o
                0x00000000080056d0                SVC_Handler
 .text.prvPortStartFirstTask
                0x00000000080056f8       0x28 ./Middlewares/FreeRTOS/portable/port.o
 .text.xPortStartScheduler
                0x0000000008005720      0x144 ./Middlewares/FreeRTOS/portable/port.o
                0x0000000008005720                xPortStartScheduler
 .text.vPortEnterCritical
                0x0000000008005864       0x60 ./Middlewares/FreeRTOS/portable/port.o
                0x0000000008005864                vPortEnterCritical
 .text.vPortExitCritical
                0x00000000080058c4       0x54 ./Middlewares/FreeRTOS/portable/port.o
                0x00000000080058c4                vPortExitCritical
 *fill*         0x0000000008005918        0x8 
 .text.PendSV_Handler
                0x0000000008005920       0x68 ./Middlewares/FreeRTOS/portable/port.o
                0x0000000008005920                PendSV_Handler
 .text.xPortSysTickHandler
                0x0000000008005988       0x44 ./Middlewares/FreeRTOS/portable/port.o
                0x0000000008005988                xPortSysTickHandler
 .text.vPortSetupTimerInterrupt
                0x00000000080059cc       0x48 ./Middlewares/FreeRTOS/portable/port.o
                0x00000000080059cc                vPortSetupTimerInterrupt
 .text.vPortEnableVFP
                0x0000000008005a14       0x14 ./Middlewares/FreeRTOS/portable/port.o
 .text.vPortValidateInterruptPriority
                0x0000000008005a28       0x80 ./Middlewares/FreeRTOS/portable/port.o
                0x0000000008005a28                vPortValidateInterruptPriority
 .text.memset   0x0000000008005aa8       0x10 C:/ST/STM32CubeIDE_1.14.0/STM32CubeIDE/plugins/com.st.stm32cube.ide.mcu.externaltools.gnu-tools-for-stm32.11.3.rel1.win32_1.1.100.202309141235/tools/bin/../lib/gcc/arm-none-eabi/11.3.1/../../../../arm-none-eabi/lib/thumb/v7e-m+fp/hard\libc_nano.a(libc_a-memset.o)
                0x0000000008005aa8                memset
 .text.__errno  0x0000000008005ab8        0xc C:/ST/STM32CubeIDE_1.14.0/STM32CubeIDE/plugins/com.st.stm32cube.ide.mcu.externaltools.gnu-tools-for-stm32.11.3.rel1.win32_1.1.100.202309141235/tools/bin/../lib/gcc/arm-none-eabi/11.3.1/../../../../arm-none-eabi/lib/thumb/v7e-m+fp/hard\libc_nano.a(libc_a-errno.o)
                0x0000000008005ab8                __errno
 .text.__libc_init_array
                0x0000000008005ac4       0x48 C:/ST/STM32CubeIDE_1.14.0/STM32CubeIDE/plugins/com.st.stm32cube.ide.mcu.externaltools.gnu-tools-for-stm32.11.3.rel1.win32_1.1.100.202309141235/tools/bin/../lib/gcc/arm-none-eabi/11.3.1/../../../../arm-none-eabi/lib/thumb/v7e-m+fp/hard\libc_nano.a(libc_a-init.o)
                0x0000000008005ac4                __libc_init_array
 .text.memcpy   0x0000000008005b0c       0x1c C:/ST/STM32CubeIDE_1.14.0/STM32CubeIDE/plugins/com.st.stm32cube.ide.mcu.externaltools.gnu-tools-for-stm32.11.3.rel1.win32_1.1.100.202309141235/tools/bin/../lib/gcc/arm-none-eabi/11.3.1/../../../../arm-none-eabi/lib/thumb/v7e-m+fp/hard\libc_nano.a(libc_a-memcpy-stub.o)
                0x0000000008005b0c                memcpy
 .text.abort    0x0000000008005b28        0xe C:/ST/STM32CubeIDE_1.14.0/STM32CubeIDE/plugins/com.st.stm32cube.ide.mcu.externaltools.gnu-tools-for-stm32.11.3.rel1.win32_1.1.100.202309141235/tools/bin/../lib/gcc/arm-none-eabi/11.3.1/../../../../arm-none-eabi/lib/thumb/v7e-m+fp/hard\libc_nano.a(libc_a-abort.o)
                0x0000000008005b28                abort
 .text._raise_r
                0x0000000008005b36       0x50 C:/ST/STM32CubeIDE_1.14.0/STM32CubeIDE/plugins/com.st.stm32cube.ide.mcu.externaltools.gnu-tools-for-stm32.11.3.rel1.win32_1.1.100.202309141235/tools/bin/../lib/gcc/arm-none-eabi/11.3.1/../../../../arm-none-eabi/lib/thumb/v7e-m+fp/hard\libc_nano.a(libc_a-signal.o)
                0x0000000008005b36                _raise_r
 *fill*         0x0000000008005b86        0x2 
 .text.raise    0x0000000008005b88       0x10 C:/ST/STM32CubeIDE_1.14.0/STM32CubeIDE/plugins/com.st.stm32cube.ide.mcu.externaltools.gnu-tools-for-stm32.11.3.rel1.win32_1.1.100.202309141235/tools/bin/../lib/gcc/arm-none-eabi/11.3.1/../../../../arm-none-eabi/lib/thumb/v7e-m+fp/hard\libc_nano.a(libc_a-signal.o)
                0x0000000008005b88                raise
 .text._kill_r  0x0000000008005b98       0x24 C:/ST/STM32CubeIDE_1.14.0/STM32CubeIDE/plugins/com.st.stm32cube.ide.mcu.externaltools.gnu-tools-for-stm32.11.3.rel1.win32_1.1.100.202309141235/tools/bin/../lib/gcc/arm-none-eabi/11.3.1/../../../../arm-none-eabi/lib/thumb/v7e-m+fp/hard\libc_nano.a(libc_a-signalr.o)
                0x0000000008005b98                _kill_r
 .text._getpid_r
                0x0000000008005bbc        0x4 C:/ST/STM32CubeIDE_1.14.0/STM32CubeIDE/plugins/com.st.stm32cube.ide.mcu.externaltools.gnu-tools-for-stm32.11.3.rel1.win32_1.1.100.202309141235/tools/bin/../lib/gcc/arm-none-eabi/11.3.1/../../../../arm-none-eabi/lib/thumb/v7e-m+fp/hard\libc_nano.a(libc_a-signalr.o)
                0x0000000008005bbc                _getpid_r
 *(.glue_7)
 .glue_7        0x0000000008005bc0        0x0 linker stubs
 *(.glue_7t)
 .glue_7t       0x0000000008005bc0        0x0 linker stubs
 *(.eh_frame)
 .eh_frame      0x0000000008005bc0        0x0 C:/ST/STM32CubeIDE_1.14.0/STM32CubeIDE/plugins/com.st.stm32cube.ide.mcu.externaltools.gnu-tools-for-stm32.11.3.rel1.win32_1.1.100.202309141235/tools/bin/../lib/gcc/arm-none-eabi/11.3.1/thumb/v7e-m+fp/hard/crtbegin.o
 *(.init)
 .init          0x0000000008005bc0        0x4 C:/ST/STM32CubeIDE_1.14.0/STM32CubeIDE/plugins/com.st.stm32cube.ide.mcu.externaltools.gnu-tools-for-stm32.11.3.rel1.win32_1.1.100.202309141235/tools/bin/../lib/gcc/arm-none-eabi/11.3.1/thumb/v7e-m+fp/hard/crti.o
                0x0000000008005bc0                _init
 .init          0x0000000008005bc4        0x8 C:/ST/STM32CubeIDE_1.14.0/STM32CubeIDE/plugins/com.st.stm32cube.ide.mcu.externaltools.gnu-tools-for-stm32.11.3.rel1.win32_1.1.100.202309141235/tools/bin/../lib/gcc/arm-none-eabi/11.3.1/thumb/v7e-m+fp/hard/crtn.o
 *(.fini)
 .fini          0x0000000008005bcc        0x4 C:/ST/STM32CubeIDE_1.14.0/STM32CubeIDE/plugins/com.st.stm32cube.ide.mcu.externaltools.gnu-tools-for-stm32.11.3.rel1.win32_1.1.100.202309141235/tools/bin/../lib/gcc/arm-none-eabi/11.3.1/thumb/v7e-m+fp/hard/crti.o
                0x0000000008005bcc                _fini
 .fini          0x0000000008005bd0        0x8 C:/ST/STM32CubeIDE_1.14.0/STM32CubeIDE/plugins/com.st.stm32cube.ide.mcu.externaltools.gnu-tools-for-stm32.11.3.rel1.win32_1.1.100.202309141235/tools/bin/../lib/gcc/arm-none-eabi/11.3.1/thumb/v7e-m+fp/hard/crtn.o
                0x0000000008005bd8                . = ALIGN (0x4)
                0x0000000008005bd8                _etext = .

.vfp11_veneer   0x0000000008005bd8        0x0
 .vfp11_veneer  0x0000000008005bd8        0x0 linker stubs

.v4_bx          0x0000000008005bd8        0x0
 .v4_bx         0x0000000008005bd8        0x0 linker stubs

.iplt           0x0000000008005bd8        0x0
 .iplt          0x0000000008005bd8        0x0 C:/ST/STM32CubeIDE_1.14.0/STM32CubeIDE/plugins/com.st.stm32cube.ide.mcu.externaltools.gnu-tools-for-stm32.11.3.rel1.win32_1.1.100.202309141235/tools/bin/../lib/gcc/arm-none-eabi/11.3.1/thumb/v7e-m+fp/hard/crtbegin.o

.rodata         0x0000000008005bd8       0x68
                0x0000000008005bd8                . = ALIGN (0x4)
 *(.rodata)
 .rodata        0x0000000008005bd8       0x38 ./Example/User/main.o
 .rodata        0x0000000008005c10        0x5 ./Middlewares/FreeRTOS/tasks.o
 *fill*         0x0000000008005c15        0x3 
 .rodata        0x0000000008005c18        0xd ./Middlewares/FreeRTOS/timers.o
 *(.rodata*)
 *fill*         0x0000000008005c25        0x3 
 .rodata.AHBPrescTable
                0x0000000008005c28       0x10 ./Drivers/CMSIS/system_stm32f4xx.o
                0x0000000008005c28                AHBPrescTable
 .rodata.APBPrescTable
                0x0000000008005c38        0x8 ./Drivers/CMSIS/system_stm32f4xx.o
                0x0000000008005c38                APBPrescTable
                0x0000000008005c40                . = ALIGN (0x4)

.ARM.extab      0x0000000008005c40       0x48
                0x0000000008005c40                . = ALIGN (0x4)
 *(.ARM.extab* .gnu.linkonce.armextab.*)
 .ARM.extab.text.main
                0x0000000008005c40        0xc ./Example/User/main.o
 .ARM.extab.text._ZN10LEDControl15Thread1FunctionEPKv
                0x0000000008005c4c        0xc ./Example/User/main.o
 .ARM.extab.text._ZN10LEDControl15Thread2FunctionEPKv
                0x0000000008005c58        0xc ./Example/User/main.o
 .ARM.extab.text._ZN10LEDControl20ConfigureSystemClockEv
                0x0000000008005c64        0xc ./Example/User/main.o
 .ARM.extab     0x0000000008005c70       0x18 C:/ST/STM32CubeIDE_1.14.0/STM32CubeIDE/plugins/com.st.stm32cube.ide.mcu.externaltools.gnu-tools-for-stm32.11.3.rel1.win32_1.1.100.202309141235/tools/bin/../lib/gcc/arm-none-eabi/11.3.1/thumb/v7e-m+fp/hard\libgcc.a(pr-support.o)
                0x0000000008005c88                . = ALIGN (0x4)

.ARM            0x0000000008005c88       0xe8
                0x0000000008005c88                . = ALIGN (0x4)
                0x0000000008005c88                __exidx_start = .
 *(.ARM.exidx*)
 .ARM.exidx     0x0000000008005c88        0x8 C:/ST/STM32CubeIDE_1.14.0/STM32CubeIDE/plugins/com.st.stm32cube.ide.mcu.externaltools.gnu-tools-for-stm32.11.3.rel1.win32_1.1.100.202309141235/tools/bin/../lib/gcc/arm-none-eabi/11.3.1/thumb/v7e-m+fp/hard\libgcc.a(_udivmoddi4.o)
 .ARM.exidx     0x0000000008005c90       0x78 C:/ST/STM32CubeIDE_1.14.0/STM32CubeIDE/plugins/com.st.stm32cube.ide.mcu.externaltools.gnu-tools-for-stm32.11.3.rel1.win32_1.1.100.202309141235/tools/bin/../lib/gcc/arm-none-eabi/11.3.1/thumb/v7e-m+fp/hard\libgcc.a(unwind-arm.o)
                                         0xd8 (size before relaxing)
 .ARM.exidx     0x0000000008005d08       0x38 C:/ST/STM32CubeIDE_1.14.0/STM32CubeIDE/plugins/com.st.stm32cube.ide.mcu.externaltools.gnu-tools-for-stm32.11.3.rel1.win32_1.1.100.202309141235/tools/bin/../lib/gcc/arm-none-eabi/11.3.1/thumb/v7e-m+fp/hard\libgcc.a(pr-support.o)
 .ARM.exidx.text.main
                0x0000000008005d40        0x8 ./Example/User/main.o
 .ARM.exidx.text._ZN10LEDControl15Thread1FunctionEPKv
                0x0000000008005d48        0x8 ./Example/User/main.o
 .ARM.exidx.text._ZN10LEDControl15Thread2FunctionEPKv
                0x0000000008005d50        0x8 ./Example/User/main.o
 .ARM.exidx.text._ZN10LEDControl20ConfigureSystemClockEv
                0x0000000008005d58        0x8 ./Example/User/main.o
 .ARM.exidx.text._ZN10LEDControl11HandleErrorEv
                0x0000000008005d60       0x10 ./Example/User/main.o
                                          0x8 (size before relaxing)
                0x0000000008005d70                __exidx_end = .
                0x0000000008005d70                . = ALIGN (0x4)

.rel.dyn        0x0000000008005d70        0x0
 .rel.iplt      0x0000000008005d70        0x0 C:/ST/STM32CubeIDE_1.14.0/STM32CubeIDE/plugins/com.st.stm32cube.ide.mcu.externaltools.gnu-tools-for-stm32.11.3.rel1.win32_1.1.100.202309141235/tools/bin/../lib/gcc/arm-none-eabi/11.3.1/thumb/v7e-m+fp/hard/crtbegin.o

.preinit_array  0x0000000008005d70        0x0
                0x0000000008005d70                . = ALIGN (0x4)
                0x0000000008005d70                PROVIDE (__preinit_array_start = .)
 *(.preinit_array*)
                0x0000000008005d70                PROVIDE (__preinit_array_end = .)
                0x0000000008005d70                . = ALIGN (0x4)

.init_array     0x0000000008005d70        0x4
                0x0000000008005d70                . = ALIGN (0x4)
                0x0000000008005d70                PROVIDE (__init_array_start = .)
 *(SORT_BY_NAME(.init_array.*))
 *(.init_array*)
 .init_array    0x0000000008005d70        0x4 C:/ST/STM32CubeIDE_1.14.0/STM32CubeIDE/plugins/com.st.stm32cube.ide.mcu.externaltools.gnu-tools-for-stm32.11.3.rel1.win32_1.1.100.202309141235/tools/bin/../lib/gcc/arm-none-eabi/11.3.1/thumb/v7e-m+fp/hard/crtbegin.o
                0x0000000008005d74                PROVIDE (__init_array_end = .)
                0x0000000008005d74                . = ALIGN (0x4)

.fini_array     0x0000000008005d74        0x4
                0x0000000008005d74                . = ALIGN (0x4)
                [!provide]                        PROVIDE (__fini_array_start = .)
 *(SORT_BY_NAME(.fini_array.*))
 *(.fini_array*)
 .fini_array    0x0000000008005d74        0x4 C:/ST/STM32CubeIDE_1.14.0/STM32CubeIDE/plugins/com.st.stm32cube.ide.mcu.externaltools.gnu-tools-for-stm32.11.3.rel1.win32_1.1.100.202309141235/tools/bin/../lib/gcc/arm-none-eabi/11.3.1/thumb/v7e-m+fp/hard/crtbegin.o
                [!provide]                        PROVIDE (__fini_array_end = .)
                0x0000000008005d78                . = ALIGN (0x4)
                0x0000000008005d78                _sidata = LOADADDR (.data)

.data           0x0000000020000000       0x80 load address 0x0000000008005d78
                0x0000000020000000                . = ALIGN (0x4)
                0x0000000020000000                _sdata = .
 *(.data)
 *(.data*)
 .data.GPIO_PIN
                0x0000000020000000       0x10 ./Drivers/BSP/STM32469I-Discovery/stm32469i_discovery.o
                0x0000000020000000                GPIO_PIN
 .data.GPIO_PORT
                0x0000000020000010       0x10 ./Drivers/BSP/STM32469I-Discovery/stm32469i_discovery.o
                0x0000000020000010                GPIO_PORT
 .data.SystemCoreClock
                0x0000000020000020        0x4 ./Drivers/CMSIS/system_stm32f4xx.o
                0x0000000020000020                SystemCoreClock
 .data.uwTickPrio
                0x0000000020000024        0x4 ./Drivers/STM32F4xx_HAL_Driver/stm32f4xx_hal.o
                0x0000000020000024                uwTickPrio
 .data.uwTickFreq
                0x0000000020000028        0x1 ./Drivers/STM32F4xx_HAL_Driver/stm32f4xx_hal.o
                0x0000000020000028                uwTickFreq
 *fill*         0x0000000020000029        0x3 
 .data.uxCriticalNesting
                0x000000002000002c        0x4 ./Middlewares/FreeRTOS/portable/port.o
 .data._impure_data
                0x0000000020000030       0x4c C:/ST/STM32CubeIDE_1.14.0/STM32CubeIDE/plugins/com.st.stm32cube.ide.mcu.externaltools.gnu-tools-for-stm32.11.3.rel1.win32_1.1.100.202309141235/tools/bin/../lib/gcc/arm-none-eabi/11.3.1/../../../../arm-none-eabi/lib/thumb/v7e-m+fp/hard\libc_nano.a(libc_a-impure.o)
                0x0000000020000030                _impure_data
 .data._impure_ptr
                0x000000002000007c        0x4 C:/ST/STM32CubeIDE_1.14.0/STM32CubeIDE/plugins/com.st.stm32cube.ide.mcu.externaltools.gnu-tools-for-stm32.11.3.rel1.win32_1.1.100.202309141235/tools/bin/../lib/gcc/arm-none-eabi/11.3.1/../../../../arm-none-eabi/lib/thumb/v7e-m+fp/hard\libc_nano.a(libc_a-impure.o)
                0x000000002000007c                _impure_ptr
 *(.RamFunc)
 *(.RamFunc*)
                0x0000000020000080                . = ALIGN (0x4)
                0x0000000020000080                _edata = .
                0x0000000008005df8                _siccmram = LOADADDR (.ccmram)

.igot.plt       0x0000000020000080        0x0 load address 0x0000000008005df8
 .igot.plt      0x0000000020000080        0x0 C:/ST/STM32CubeIDE_1.14.0/STM32CubeIDE/plugins/com.st.stm32cube.ide.mcu.externaltools.gnu-tools-for-stm32.11.3.rel1.win32_1.1.100.202309141235/tools/bin/../lib/gcc/arm-none-eabi/11.3.1/thumb/v7e-m+fp/hard/crtbegin.o

.ccmram         0x0000000010000000        0x0 load address 0x0000000008005df8
                0x0000000010000000                . = ALIGN (0x4)
                0x0000000010000000                _sccmram = .
 *(.ccmram)
 *(.ccmram*)
                0x0000000010000000                . = ALIGN (0x4)
                0x0000000010000000                _eccmram = .
                0x0000000010000000                . = ALIGN (0x4)

.bss            0x0000000020000080     0x1390
                0x0000000020000080                _sbss = .
                0x0000000020000080                __bss_start__ = _sbss
 *(.bss)
 .bss           0x0000000020000080       0x1c C:/ST/STM32CubeIDE_1.14.0/STM32CubeIDE/plugins/com.st.stm32cube.ide.mcu.externaltools.gnu-tools-for-stm32.11.3.rel1.win32_1.1.100.202309141235/tools/bin/../lib/gcc/arm-none-eabi/11.3.1/thumb/v7e-m+fp/hard/crtbegin.o
 *(.bss*)
 .bss.uwTick    0x000000002000009c        0x4 ./Drivers/STM32F4xx_HAL_Driver/stm32f4xx_hal.o
                0x000000002000009c                uwTick
 .bss._ZN10LEDControl13Thread1HandleE
                0x00000000200000a0        0x4 ./Example/User/main.o
                0x00000000200000a0                LEDControl::Thread1Handle
 .bss._ZN10LEDControl13Thread2HandleE
                0x00000000200000a4        0x4 ./Example/User/main.o
                0x00000000200000a4                LEDControl::Thread2Handle
 .bss.TimHandle
                0x00000000200000a8       0x48 ./Example/User/stm32f4xx_hal_timebase_tim.o
                0x00000000200000a8                TimHandle
 .bss.xQueueRegistry
                0x00000000200000f0       0x40 ./Middlewares/FreeRTOS/queue.o
                0x00000000200000f0                xQueueRegistry
 .bss.pxCurrentTCB
                0x0000000020000130        0x4 ./Middlewares/FreeRTOS/tasks.o
                0x0000000020000130                pxCurrentTCB
 .bss.pxReadyTasksLists
                0x0000000020000134       0xa0 ./Middlewares/FreeRTOS/tasks.o
 .bss.xDelayedTaskList1
                0x00000000200001d4       0x14 ./Middlewares/FreeRTOS/tasks.o
 .bss.xDelayedTaskList2
                0x00000000200001e8       0x14 ./Middlewares/FreeRTOS/tasks.o
 .bss.pxDelayedTaskList
                0x00000000200001fc        0x4 ./Middlewares/FreeRTOS/tasks.o
 .bss.pxOverflowDelayedTaskList
                0x0000000020000200        0x4 ./Middlewares/FreeRTOS/tasks.o
 .bss.xPendingReadyList
                0x0000000020000204       0x14 ./Middlewares/FreeRTOS/tasks.o
 .bss.xTasksWaitingTermination
                0x0000000020000218       0x14 ./Middlewares/FreeRTOS/tasks.o
 .bss.uxDeletedTasksWaitingCleanUp
                0x000000002000022c        0x4 ./Middlewares/FreeRTOS/tasks.o
 .bss.xSuspendedTaskList
                0x0000000020000230       0x14 ./Middlewares/FreeRTOS/tasks.o
 .bss.uxCurrentNumberOfTasks
                0x0000000020000244        0x4 ./Middlewares/FreeRTOS/tasks.o
 .bss.xTickCount
                0x0000000020000248        0x4 ./Middlewares/FreeRTOS/tasks.o
 .bss.uxTopReadyPriority
                0x000000002000024c        0x4 ./Middlewares/FreeRTOS/tasks.o
 .bss.xSchedulerRunning
                0x0000000020000250        0x4 ./Middlewares/FreeRTOS/tasks.o
 .bss.xPendedTicks
                0x0000000020000254        0x4 ./Middlewares/FreeRTOS/tasks.o
 .bss.xYieldPending
                0x0000000020000258        0x4 ./Middlewares/FreeRTOS/tasks.o
 .bss.xNumOfOverflows
                0x000000002000025c        0x4 ./Middlewares/FreeRTOS/tasks.o
 .bss.uxTaskNumber
                0x0000000020000260        0x4 ./Middlewares/FreeRTOS/tasks.o
 .bss.xNextTaskUnblockTime
                0x0000000020000264        0x4 ./Middlewares/FreeRTOS/tasks.o
 .bss.xIdleTaskHandle
                0x0000000020000268        0x4 ./Middlewares/FreeRTOS/tasks.o
 .bss.uxSchedulerSuspended
                0x000000002000026c        0x4 ./Middlewares/FreeRTOS/tasks.o
 .bss.xActiveTimerList1
                0x0000000020000270       0x14 ./Middlewares/FreeRTOS/timers.o
 .bss.xActiveTimerList2
                0x0000000020000284       0x14 ./Middlewares/FreeRTOS/timers.o
 .bss.pxCurrentTimerList
                0x0000000020000298        0x4 ./Middlewares/FreeRTOS/timers.o
 .bss.pxOverflowTimerList
                0x000000002000029c        0x4 ./Middlewares/FreeRTOS/timers.o
 .bss.xTimerQueue
                0x00000000200002a0        0x4 ./Middlewares/FreeRTOS/timers.o
 .bss.xTimerTaskHandle
                0x00000000200002a4        0x4 ./Middlewares/FreeRTOS/timers.o
 .bss.xLastTime.0
                0x00000000200002a8        0x4 ./Middlewares/FreeRTOS/timers.o
 .bss.ucHeap    0x00000000200002ac     0x1000 ./Middlewares/FreeRTOS/portable/heap_4.o
 .bss.xStart    0x00000000200012ac        0x8 ./Middlewares/FreeRTOS/portable/heap_4.o
 .bss.pxEnd     0x00000000200012b4        0x4 ./Middlewares/FreeRTOS/portable/heap_4.o
 .bss.xFreeBytesRemaining
                0x00000000200012b8        0x4 ./Middlewares/FreeRTOS/portable/heap_4.o
 .bss.xMinimumEverFreeBytesRemaining
                0x00000000200012bc        0x4 ./Middlewares/FreeRTOS/portable/heap_4.o
 .bss.xNumberOfSuccessfulAllocations
                0x00000000200012c0        0x4 ./Middlewares/FreeRTOS/portable/heap_4.o
 .bss.xNumberOfSuccessfulFrees
                0x00000000200012c4        0x4 ./Middlewares/FreeRTOS/portable/heap_4.o
 .bss.xBlockAllocatedBit
                0x00000000200012c8        0x4 ./Middlewares/FreeRTOS/portable/heap_4.o
 .bss.ucMaxSysCallPriority
                0x00000000200012cc        0x1 ./Middlewares/FreeRTOS/portable/port.o
 *fill*         0x00000000200012cd        0x3 
 .bss.ulMaxPRIGROUPValue
                0x00000000200012d0        0x4 ./Middlewares/FreeRTOS/portable/port.o
 .bss.__sf      0x00000000200012d4      0x138 C:/ST/STM32CubeIDE_1.14.0/STM32CubeIDE/plugins/com.st.stm32cube.ide.mcu.externaltools.gnu-tools-for-stm32.11.3.rel1.win32_1.1.100.202309141235/tools/bin/../lib/gcc/arm-none-eabi/11.3.1/../../../../arm-none-eabi/lib/thumb/v7e-m+fp/hard\libc_nano.a(libc_a-findfp.o)
                0x00000000200012d4                __sf
 .bss.errno     0x000000002000140c        0x4 C:/ST/STM32CubeIDE_1.14.0/STM32CubeIDE/plugins/com.st.stm32cube.ide.mcu.externaltools.gnu-tools-for-stm32.11.3.rel1.win32_1.1.100.202309141235/tools/bin/../lib/gcc/arm-none-eabi/11.3.1/../../../../arm-none-eabi/lib/thumb/v7e-m+fp/hard\libc_nano.a(libc_a-reent.o)
                0x000000002000140c                errno
 *(COMMON)
                0x0000000020001410                . = ALIGN (0x4)
                0x0000000020001410                _ebss = .
                0x0000000020001410                __bss_end__ = _ebss

._user_heap_stack
                0x0000000020001410      0x600
                0x0000000020001410                . = ALIGN (0x8)
                [!provide]                        PROVIDE (end = .)
                0x0000000020001410                PROVIDE (_end = .)
                0x0000000020001610                . = (. + _Min_Heap_Size)
 *fill*         0x0000000020001410      0x200 
                0x0000000020001a10                . = (. + _Min_Stack_Size)
 *fill*         0x0000000020001610      0x400 
                0x0000000020001a10                . = ALIGN (0x8)

/DISCARD/
 libc.a(*)
 libm.a(*)
 libgcc.a(*)

.ARM.attributes
                0x0000000000000000       0x30
 *(.ARM.attributes)
 .ARM.attributes
                0x0000000000000000       0x1e C:/ST/STM32CubeIDE_1.14.0/STM32CubeIDE/plugins/com.st.stm32cube.ide.mcu.externaltools.gnu-tools-for-stm32.11.3.rel1.win32_1.1.100.202309141235/tools/bin/../lib/gcc/arm-none-eabi/11.3.1/thumb/v7e-m+fp/hard/crti.o
 .ARM.attributes
                0x000000000000001e       0x34 C:/ST/STM32CubeIDE_1.14.0/STM32CubeIDE/plugins/com.st.stm32cube.ide.mcu.externaltools.gnu-tools-for-stm32.11.3.rel1.win32_1.1.100.202309141235/tools/bin/../lib/gcc/arm-none-eabi/11.3.1/thumb/v7e-m+fp/hard/crtbegin.o
 .ARM.attributes
                0x0000000000000052       0x34 ./Drivers/BSP/STM32469I-Discovery/stm32469i_discovery.o
 .ARM.attributes
                0x0000000000000086       0x34 ./Drivers/CMSIS/system_stm32f4xx.o
 .ARM.attributes
                0x00000000000000ba       0x34 ./Drivers/STM32F4xx_HAL_Driver/stm32f4xx_hal.o
 .ARM.attributes
                0x00000000000000ee       0x34 ./Drivers/STM32F4xx_HAL_Driver/stm32f4xx_hal_cortex.o
 .ARM.attributes
                0x0000000000000122       0x34 ./Drivers/STM32F4xx_HAL_Driver/stm32f4xx_hal_gpio.o
 .ARM.attributes
                0x0000000000000156       0x34 ./Drivers/STM32F4xx_HAL_Driver/stm32f4xx_hal_pwr_ex.o
 .ARM.attributes
                0x000000000000018a       0x34 ./Drivers/STM32F4xx_HAL_Driver/stm32f4xx_hal_rcc.o
 .ARM.attributes
                0x00000000000001be       0x34 ./Drivers/STM32F4xx_HAL_Driver/stm32f4xx_hal_rcc_ex.o
 .ARM.attributes
                0x00000000000001f2       0x34 ./Drivers/STM32F4xx_HAL_Driver/stm32f4xx_hal_tim.o
 .ARM.attributes
                0x0000000000000226       0x34 ./Drivers/STM32F4xx_HAL_Driver/stm32f4xx_hal_tim_ex.o
 .ARM.attributes
                0x000000000000025a       0x21 ./Example/Startup/startup_stm32f469nihx.o
 .ARM.attributes
                0x000000000000027b       0x34 ./Example/User/main.o
 .ARM.attributes
                0x00000000000002af       0x34 ./Example/User/stm32f4xx_hal_timebase_tim.o
 .ARM.attributes
                0x00000000000002e3       0x34 ./Example/User/stm32f4xx_it.o
 .ARM.attributes
                0x0000000000000317       0x34 ./Example/User/syscalls.o
 .ARM.attributes
                0x000000000000034b       0x34 ./Middlewares/FreeRTOS/CMSIS_RTOS/cmsis_os.o
 .ARM.attributes
                0x000000000000037f       0x34 ./Middlewares/FreeRTOS/list.o
 .ARM.attributes
                0x00000000000003b3       0x34 ./Middlewares/FreeRTOS/queue.o
 .ARM.attributes
                0x00000000000003e7       0x34 ./Middlewares/FreeRTOS/tasks.o
 .ARM.attributes
                0x000000000000041b       0x34 ./Middlewares/FreeRTOS/timers.o
 .ARM.attributes
                0x000000000000044f       0x34 ./Middlewares/FreeRTOS/portable/heap_4.o
 .ARM.attributes
                0x0000000000000483       0x34 ./Middlewares/FreeRTOS/portable/port.o
 .ARM.attributes
                0x00000000000004b7       0x34 C:/ST/STM32CubeIDE_1.14.0/STM32CubeIDE/plugins/com.st.stm32cube.ide.mcu.externaltools.gnu-tools-for-stm32.11.3.rel1.win32_1.1.100.202309141235/tools/bin/../lib/gcc/arm-none-eabi/11.3.1/../../../../arm-none-eabi/lib/thumb/v7e-m+fp/hard\libc_nano.a(libc_a-findfp.o)
 .ARM.attributes
                0x00000000000004eb       0x34 C:/ST/STM32CubeIDE_1.14.0/STM32CubeIDE/plugins/com.st.stm32cube.ide.mcu.externaltools.gnu-tools-for-stm32.11.3.rel1.win32_1.1.100.202309141235/tools/bin/../lib/gcc/arm-none-eabi/11.3.1/../../../../arm-none-eabi/lib/thumb/v7e-m+fp/hard\libc_nano.a(libc_a-memset.o)
 .ARM.attributes
                0x000000000000051f       0x34 C:/ST/STM32CubeIDE_1.14.0/STM32CubeIDE/plugins/com.st.stm32cube.ide.mcu.externaltools.gnu-tools-for-stm32.11.3.rel1.win32_1.1.100.202309141235/tools/bin/../lib/gcc/arm-none-eabi/11.3.1/../../../../arm-none-eabi/lib/thumb/v7e-m+fp/hard\libc_nano.a(libc_a-reent.o)
 .ARM.attributes
                0x0000000000000553       0x34 C:/ST/STM32CubeIDE_1.14.0/STM32CubeIDE/plugins/com.st.stm32cube.ide.mcu.externaltools.gnu-tools-for-stm32.11.3.rel1.win32_1.1.100.202309141235/tools/bin/../lib/gcc/arm-none-eabi/11.3.1/../../../../arm-none-eabi/lib/thumb/v7e-m+fp/hard\libc_nano.a(libc_a-impure.o)
 .ARM.attributes
                0x0000000000000587       0x34 C:/ST/STM32CubeIDE_1.14.0/STM32CubeIDE/plugins/com.st.stm32cube.ide.mcu.externaltools.gnu-tools-for-stm32.11.3.rel1.win32_1.1.100.202309141235/tools/bin/../lib/gcc/arm-none-eabi/11.3.1/../../../../arm-none-eabi/lib/thumb/v7e-m+fp/hard\libc_nano.a(libc_a-errno.o)
 .ARM.attributes
                0x00000000000005bb       0x34 C:/ST/STM32CubeIDE_1.14.0/STM32CubeIDE/plugins/com.st.stm32cube.ide.mcu.externaltools.gnu-tools-for-stm32.11.3.rel1.win32_1.1.100.202309141235/tools/bin/../lib/gcc/arm-none-eabi/11.3.1/../../../../arm-none-eabi/lib/thumb/v7e-m+fp/hard\libc_nano.a(libc_a-init.o)
 .ARM.attributes
                0x00000000000005ef       0x34 C:/ST/STM32CubeIDE_1.14.0/STM32CubeIDE/plugins/com.st.stm32cube.ide.mcu.externaltools.gnu-tools-for-stm32.11.3.rel1.win32_1.1.100.202309141235/tools/bin/../lib/gcc/arm-none-eabi/11.3.1/../../../../arm-none-eabi/lib/thumb/v7e-m+fp/hard\libc_nano.a(libc_a-memcpy-stub.o)
 .ARM.attributes
                0x0000000000000623       0x1e C:/ST/STM32CubeIDE_1.14.0/STM32CubeIDE/plugins/com.st.stm32cube.ide.mcu.externaltools.gnu-tools-for-stm32.11.3.rel1.win32_1.1.100.202309141235/tools/bin/../lib/gcc/arm-none-eabi/11.3.1/thumb/v7e-m+fp/hard\libgcc.a(_aeabi_uldivmod.o)
 .ARM.attributes
                0x0000000000000641       0x34 C:/ST/STM32CubeIDE_1.14.0/STM32CubeIDE/plugins/com.st.stm32cube.ide.mcu.externaltools.gnu-tools-for-stm32.11.3.rel1.win32_1.1.100.202309141235/tools/bin/../lib/gcc/arm-none-eabi/11.3.1/thumb/v7e-m+fp/hard\libgcc.a(_udivmoddi4.o)
 .ARM.attributes
                0x0000000000000675       0x34 C:/ST/STM32CubeIDE_1.14.0/STM32CubeIDE/plugins/com.st.stm32cube.ide.mcu.externaltools.gnu-tools-for-stm32.11.3.rel1.win32_1.1.100.202309141235/tools/bin/../lib/gcc/arm-none-eabi/11.3.1/thumb/v7e-m+fp/hard\libgcc.a(unwind-arm.o)
 .ARM.attributes
                0x00000000000006a9       0x1e C:/ST/STM32CubeIDE_1.14.0/STM32CubeIDE/plugins/com.st.stm32cube.ide.mcu.externaltools.gnu-tools-for-stm32.11.3.rel1.win32_1.1.100.202309141235/tools/bin/../lib/gcc/arm-none-eabi/11.3.1/thumb/v7e-m+fp/hard\libgcc.a(libunwind.o)
 .ARM.attributes
                0x00000000000006c7       0x34 C:/ST/STM32CubeIDE_1.14.0/STM32CubeIDE/plugins/com.st.stm32cube.ide.mcu.externaltools.gnu-tools-for-stm32.11.3.rel1.win32_1.1.100.202309141235/tools/bin/../lib/gcc/arm-none-eabi/11.3.1/thumb/v7e-m+fp/hard\libgcc.a(pr-support.o)
 .ARM.attributes
                0x00000000000006fb       0x1e C:/ST/STM32CubeIDE_1.14.0/STM32CubeIDE/plugins/com.st.stm32cube.ide.mcu.externaltools.gnu-tools-for-stm32.11.3.rel1.win32_1.1.100.202309141235/tools/bin/../lib/gcc/arm-none-eabi/11.3.1/thumb/v7e-m+fp/hard\libgcc.a(_dvmd_tls.o)
 .ARM.attributes
                0x0000000000000719       0x34 C:/ST/STM32CubeIDE_1.14.0/STM32CubeIDE/plugins/com.st.stm32cube.ide.mcu.externaltools.gnu-tools-for-stm32.11.3.rel1.win32_1.1.100.202309141235/tools/bin/../lib/gcc/arm-none-eabi/11.3.1/../../../../arm-none-eabi/lib/thumb/v7e-m+fp/hard\libc_nano.a(libc_a-abort.o)
 .ARM.attributes
                0x000000000000074d       0x34 C:/ST/STM32CubeIDE_1.14.0/STM32CubeIDE/plugins/com.st.stm32cube.ide.mcu.externaltools.gnu-tools-for-stm32.11.3.rel1.win32_1.1.100.202309141235/tools/bin/../lib/gcc/arm-none-eabi/11.3.1/../../../../arm-none-eabi/lib/thumb/v7e-m+fp/hard\libc_nano.a(libc_a-signal.o)
 .ARM.attributes
                0x0000000000000781       0x34 C:/ST/STM32CubeIDE_1.14.0/STM32CubeIDE/plugins/com.st.stm32cube.ide.mcu.externaltools.gnu-tools-for-stm32.11.3.rel1.win32_1.1.100.202309141235/tools/bin/../lib/gcc/arm-none-eabi/11.3.1/../../../../arm-none-eabi/lib/thumb/v7e-m+fp/hard\libc_nano.a(libc_a-signalr.o)
 .ARM.attributes
                0x00000000000007b5       0x1e C:/ST/STM32CubeIDE_1.14.0/STM32CubeIDE/plugins/com.st.stm32cube.ide.mcu.externaltools.gnu-tools-for-stm32.11.3.rel1.win32_1.1.100.202309141235/tools/bin/../lib/gcc/arm-none-eabi/11.3.1/thumb/v7e-m+fp/hard/crtn.o
OUTPUT(FreeRTOS_ThreadCreation.elf elf32-littlearm)
LOAD linker stubs
LOAD C:/ST/STM32CubeIDE_1.14.0/STM32CubeIDE/plugins/com.st.stm32cube.ide.mcu.externaltools.gnu-tools-for-stm32.11.3.rel1.win32_1.1.100.202309141235/tools/bin/../lib/gcc/arm-none-eabi/11.3.1/../../../../arm-none-eabi/lib/thumb/v7e-m+fp/hard\libc.a
LOAD C:/ST/STM32CubeIDE_1.14.0/STM32CubeIDE/plugins/com.st.stm32cube.ide.mcu.externaltools.gnu-tools-for-stm32.11.3.rel1.win32_1.1.100.202309141235/tools/bin/../lib/gcc/arm-none-eabi/11.3.1/../../../../arm-none-eabi/lib/thumb/v7e-m+fp/hard\libm.a
LOAD C:/ST/STM32CubeIDE_1.14.0/STM32CubeIDE/plugins/com.st.stm32cube.ide.mcu.externaltools.gnu-tools-for-stm32.11.3.rel1.win32_1.1.100.202309141235/tools/bin/../lib/gcc/arm-none-eabi/11.3.1/thumb/v7e-m+fp/hard\libgcc.a

.comment        0x0000000000000000       0x43
 .comment       0x0000000000000000       0x43 C:/ST/STM32CubeIDE_1.14.0/STM32CubeIDE/plugins/com.st.stm32cube.ide.mcu.externaltools.gnu-tools-for-stm32.11.3.rel1.win32_1.1.100.202309141235/tools/bin/../lib/gcc/arm-none-eabi/11.3.1/thumb/v7e-m+fp/hard/crtbegin.o
                                         0x44 (size before relaxing)
 .comment       0x0000000000000043       0x44 ./Drivers/BSP/STM32469I-Discovery/stm32469i_discovery.o
 .comment       0x0000000000000043       0x44 ./Drivers/CMSIS/system_stm32f4xx.o
 .comment       0x0000000000000043       0x44 ./Drivers/STM32F4xx_HAL_Driver/stm32f4xx_hal.o
 .comment       0x0000000000000043       0x44 ./Drivers/STM32F4xx_HAL_Driver/stm32f4xx_hal_cortex.o
 .comment       0x0000000000000043       0x44 ./Drivers/STM32F4xx_HAL_Driver/stm32f4xx_hal_gpio.o
 .comment       0x0000000000000043       0x44 ./Drivers/STM32F4xx_HAL_Driver/stm32f4xx_hal_pwr_ex.o
 .comment       0x0000000000000043       0x44 ./Drivers/STM32F4xx_HAL_Driver/stm32f4xx_hal_rcc.o
 .comment       0x0000000000000043       0x44 ./Drivers/STM32F4xx_HAL_Driver/stm32f4xx_hal_rcc_ex.o
 .comment       0x0000000000000043       0x44 ./Drivers/STM32F4xx_HAL_Driver/stm32f4xx_hal_tim.o
 .comment       0x0000000000000043       0x44 ./Drivers/STM32F4xx_HAL_Driver/stm32f4xx_hal_tim_ex.o
 .comment       0x0000000000000043       0x44 ./Example/User/main.o
 .comment       0x0000000000000043       0x44 ./Example/User/stm32f4xx_hal_timebase_tim.o
 .comment       0x0000000000000043       0x44 ./Example/User/stm32f4xx_it.o
 .comment       0x0000000000000043       0x44 ./Example/User/syscalls.o
 .comment       0x0000000000000043       0x44 ./Middlewares/FreeRTOS/CMSIS_RTOS/cmsis_os.o
 .comment       0x0000000000000043       0x44 ./Middlewares/FreeRTOS/list.o
 .comment       0x0000000000000043       0x44 ./Middlewares/FreeRTOS/queue.o
 .comment       0x0000000000000043       0x44 ./Middlewares/FreeRTOS/tasks.o
 .comment       0x0000000000000043       0x44 ./Middlewares/FreeRTOS/timers.o
 .comment       0x0000000000000043       0x44 ./Middlewares/FreeRTOS/portable/heap_4.o
 .comment       0x0000000000000043       0x44 ./Middlewares/FreeRTOS/portable/port.o

.debug_info     0x0000000000000000    0x1184d
 .debug_info    0x0000000000000000     0x1785 ./Drivers/BSP/STM32469I-Discovery/stm32469i_discovery.o
 .debug_info    0x0000000000001785      0x52e ./Drivers/CMSIS/system_stm32f4xx.o
 .debug_info    0x0000000000001cb3      0x9c6 ./Drivers/STM32F4xx_HAL_Driver/stm32f4xx_hal.o
 .debug_info    0x0000000000002679      0xd99 ./Drivers/STM32F4xx_HAL_Driver/stm32f4xx_hal_cortex.o
 .debug_info    0x0000000000003412      0x6db ./Drivers/STM32F4xx_HAL_Driver/stm32f4xx_hal_gpio.o
 .debug_info    0x0000000000003aed      0x6be ./Drivers/STM32F4xx_HAL_Driver/stm32f4xx_hal_pwr_ex.o
 .debug_info    0x00000000000041ab      0x8d5 ./Drivers/STM32F4xx_HAL_Driver/stm32f4xx_hal_rcc.o
 .debug_info    0x0000000000004a80      0x84d ./Drivers/STM32F4xx_HAL_Driver/stm32f4xx_hal_rcc_ex.o
 .debug_info    0x00000000000052cd     0x299d ./Drivers/STM32F4xx_HAL_Driver/stm32f4xx_hal_tim.o
 .debug_info    0x0000000000007c6a     0x14db ./Drivers/STM32F4xx_HAL_Driver/stm32f4xx_hal_tim_ex.o
 .debug_info    0x0000000000009145       0x23 ./Example/Startup/startup_stm32f469nihx.o
 .debug_info    0x0000000000009168      0x9a4 ./Example/User/main.o
 .debug_info    0x0000000000009b0c      0xc83 ./Example/User/stm32f4xx_hal_timebase_tim.o
 .debug_info    0x000000000000a78f       0xfa ./Example/User/stm32f4xx_it.o
 .debug_info    0x000000000000a889      0x6a3 ./Example/User/syscalls.o
 .debug_info    0x000000000000af2c     0x1829 ./Middlewares/FreeRTOS/CMSIS_RTOS/cmsis_os.o
 .debug_info    0x000000000000c755      0x2af ./Middlewares/FreeRTOS/list.o
 .debug_info    0x000000000000ca04     0x1751 ./Middlewares/FreeRTOS/queue.o
 .debug_info    0x000000000000e155     0x1ef8 ./Middlewares/FreeRTOS/tasks.o
 .debug_info    0x000000000001004d      0xe4d ./Middlewares/FreeRTOS/timers.o
 .debug_info    0x0000000000010e9a      0x4d5 ./Middlewares/FreeRTOS/portable/heap_4.o
 .debug_info    0x000000000001136f      0x4de ./Middlewares/FreeRTOS/portable/port.o

.debug_abbrev   0x0000000000000000     0x305c
 .debug_abbrev  0x0000000000000000      0x302 ./Drivers/BSP/STM32469I-Discovery/stm32469i_discovery.o
 .debug_abbrev  0x0000000000000302      0x11a ./Drivers/CMSIS/system_stm32f4xx.o
 .debug_abbrev  0x000000000000041c      0x214 ./Drivers/STM32F4xx_HAL_Driver/stm32f4xx_hal.o
 .debug_abbrev  0x0000000000000630      0x328 ./Drivers/STM32F4xx_HAL_Driver/stm32f4xx_hal_cortex.o
 .debug_abbrev  0x0000000000000958      0x1d4 ./Drivers/STM32F4xx_HAL_Driver/stm32f4xx_hal_gpio.o
 .debug_abbrev  0x0000000000000b2c      0x1cf ./Drivers/STM32F4xx_HAL_Driver/stm32f4xx_hal_pwr_ex.o
 .debug_abbrev  0x0000000000000cfb      0x2b6 ./Drivers/STM32F4xx_HAL_Driver/stm32f4xx_hal_rcc.o
 .debug_abbrev  0x0000000000000fb1      0x1e4 ./Drivers/STM32F4xx_HAL_Driver/stm32f4xx_hal_rcc_ex.o
 .debug_abbrev  0x0000000000001195      0x278 ./Drivers/STM32F4xx_HAL_Driver/stm32f4xx_hal_tim.o
 .debug_abbrev  0x000000000000140d      0x283 ./Drivers/STM32F4xx_HAL_Driver/stm32f4xx_hal_tim_ex.o
 .debug_abbrev  0x0000000000001690       0x12 ./Example/Startup/startup_stm32f469nihx.o
 .debug_abbrev  0x00000000000016a2      0x29f ./Example/User/main.o
 .debug_abbrev  0x0000000000001941      0x229 ./Example/User/stm32f4xx_hal_timebase_tim.o
 .debug_abbrev  0x0000000000001b6a       0x73 ./Example/User/stm32f4xx_it.o
 .debug_abbrev  0x0000000000001bdd      0x1b6 ./Example/User/syscalls.o
 .debug_abbrev  0x0000000000001d93      0x3ad ./Middlewares/FreeRTOS/CMSIS_RTOS/cmsis_os.o
 .debug_abbrev  0x0000000000002140       0xf5 ./Middlewares/FreeRTOS/list.o
 .debug_abbrev  0x0000000000002235      0x352 ./Middlewares/FreeRTOS/queue.o
 .debug_abbrev  0x0000000000002587      0x37e ./Middlewares/FreeRTOS/tasks.o
 .debug_abbrev  0x0000000000002905      0x2de ./Middlewares/FreeRTOS/timers.o
 .debug_abbrev  0x0000000000002be3      0x21d ./Middlewares/FreeRTOS/portable/heap_4.o
 .debug_abbrev  0x0000000000002e00      0x25c ./Middlewares/FreeRTOS/portable/port.o

.debug_aranges  0x0000000000000000     0x1310
 .debug_aranges
                0x0000000000000000      0x150 ./Drivers/BSP/STM32469I-Discovery/stm32469i_discovery.o
 .debug_aranges
                0x0000000000000150       0x28 ./Drivers/CMSIS/system_stm32f4xx.o
 .debug_aranges
                0x0000000000000178      0x100 ./Drivers/STM32F4xx_HAL_Driver/stm32f4xx_hal.o
 .debug_aranges
                0x0000000000000278      0x120 ./Drivers/STM32F4xx_HAL_Driver/stm32f4xx_hal_cortex.o
 .debug_aranges
                0x0000000000000398       0x58 ./Drivers/STM32F4xx_HAL_Driver/stm32f4xx_hal_gpio.o
 .debug_aranges
                0x00000000000003f0       0x60 ./Drivers/STM32F4xx_HAL_Driver/stm32f4xx_hal_pwr_ex.o
 .debug_aranges
                0x0000000000000450       0x88 ./Drivers/STM32F4xx_HAL_Driver/stm32f4xx_hal_rcc.o
 .debug_aranges
                0x00000000000004d8       0x70 ./Drivers/STM32F4xx_HAL_Driver/stm32f4xx_hal_rcc_ex.o
 .debug_aranges
                0x0000000000000548      0x3d0 ./Drivers/STM32F4xx_HAL_Driver/stm32f4xx_hal_tim.o
 .debug_aranges
                0x0000000000000918      0x168 ./Drivers/STM32F4xx_HAL_Driver/stm32f4xx_hal_tim_ex.o
 .debug_aranges
                0x0000000000000a80       0x28 ./Example/Startup/startup_stm32f469nihx.o
 .debug_aranges
                0x0000000000000aa8       0x40 ./Example/User/main.o
 .debug_aranges
                0x0000000000000ae8       0x40 ./Example/User/stm32f4xx_hal_timebase_tim.o
 .debug_aranges
                0x0000000000000b28       0x50 ./Example/User/stm32f4xx_it.o
 .debug_aranges
                0x0000000000000b78       0xa8 ./Example/User/syscalls.o
 .debug_aranges
                0x0000000000000c20      0x1d8 ./Middlewares/FreeRTOS/CMSIS_RTOS/cmsis_os.o
 .debug_aranges
                0x0000000000000df8       0x40 ./Middlewares/FreeRTOS/list.o
 .debug_aranges
                0x0000000000000e38      0x130 ./Middlewares/FreeRTOS/queue.o
 .debug_aranges
                0x0000000000000f68      0x1f8 ./Middlewares/FreeRTOS/tasks.o
 .debug_aranges
                0x0000000000001160       0xd8 ./Middlewares/FreeRTOS/timers.o
 .debug_aranges
                0x0000000000001238       0x58 ./Middlewares/FreeRTOS/portable/heap_4.o
 .debug_aranges
                0x0000000000001290       0x80 ./Middlewares/FreeRTOS/portable/port.o

.debug_rnglists
                0x0000000000000000      0xe9c
 .debug_rnglists
                0x0000000000000000       0xfb ./Drivers/BSP/STM32469I-Discovery/stm32469i_discovery.o
 .debug_rnglists
                0x00000000000000fb       0x1a ./Drivers/CMSIS/system_stm32f4xx.o
 .debug_rnglists
                0x0000000000000115       0xbb ./Drivers/STM32F4xx_HAL_Driver/stm32f4xx_hal.o
 .debug_rnglists
                0x00000000000001d0       0xd4 ./Drivers/STM32F4xx_HAL_Driver/stm32f4xx_hal_cortex.o
 .debug_rnglists
                0x00000000000002a4       0x3f ./Drivers/STM32F4xx_HAL_Driver/stm32f4xx_hal_gpio.o
 .debug_rnglists
                0x00000000000002e3       0x47 ./Drivers/STM32F4xx_HAL_Driver/stm32f4xx_hal_pwr_ex.o
 .debug_rnglists
                0x000000000000032a       0x66 ./Drivers/STM32F4xx_HAL_Driver/stm32f4xx_hal_rcc.o
 .debug_rnglists
                0x0000000000000390       0x57 ./Drivers/STM32F4xx_HAL_Driver/stm32f4xx_hal_rcc_ex.o
 .debug_rnglists
                0x00000000000003e7      0x31a ./Drivers/STM32F4xx_HAL_Driver/stm32f4xx_hal_tim.o
 .debug_rnglists
                0x0000000000000701      0x125 ./Drivers/STM32F4xx_HAL_Driver/stm32f4xx_hal_tim_ex.o
 .debug_rnglists
                0x0000000000000826       0x19 ./Example/Startup/startup_stm32f469nihx.o
 .debug_rnglists
                0x000000000000083f       0x2d ./Example/User/main.o
 .debug_rnglists
                0x000000000000086c       0x2c ./Example/User/stm32f4xx_hal_timebase_tim.o
 .debug_rnglists
                0x0000000000000898       0x37 ./Example/User/stm32f4xx_it.o
 .debug_rnglists
                0x00000000000008cf       0x79 ./Example/User/syscalls.o
 .debug_rnglists
                0x0000000000000948      0x16a ./Middlewares/FreeRTOS/CMSIS_RTOS/cmsis_os.o
 .debug_rnglists
                0x0000000000000ab2       0x2b ./Middlewares/FreeRTOS/list.o
 .debug_rnglists
                0x0000000000000add       0xea ./Middlewares/FreeRTOS/queue.o
 .debug_rnglists
                0x0000000000000bc7      0x193 ./Middlewares/FreeRTOS/tasks.o
 .debug_rnglists
                0x0000000000000d5a       0xa3 ./Middlewares/FreeRTOS/timers.o
 .debug_rnglists
                0x0000000000000dfd       0x42 ./Middlewares/FreeRTOS/portable/heap_4.o
 .debug_rnglists
                0x0000000000000e3f       0x5d ./Middlewares/FreeRTOS/portable/port.o

.debug_macro    0x0000000000000000    0x2e2a2
 .debug_macro   0x0000000000000000      0x225 ./Drivers/BSP/STM32469I-Discovery/stm32469i_discovery.o
 .debug_macro   0x0000000000000225      0xaa8 ./Drivers/BSP/STM32469I-Discovery/stm32469i_discovery.o
 .debug_macro   0x0000000000000ccd      0x1b2 ./Drivers/BSP/STM32469I-Discovery/stm32469i_discovery.o
 .debug_macro   0x0000000000000e7f       0x2e ./Drivers/BSP/STM32469I-Discovery/stm32469i_discovery.o
 .debug_macro   0x0000000000000ead       0x28 ./Drivers/BSP/STM32469I-Discovery/stm32469i_discovery.o
 .debug_macro   0x0000000000000ed5       0x22 ./Drivers/BSP/STM32469I-Discovery/stm32469i_discovery.o
 .debug_macro   0x0000000000000ef7       0x8e ./Drivers/BSP/STM32469I-Discovery/stm32469i_discovery.o
 .debug_macro   0x0000000000000f85       0x51 ./Drivers/BSP/STM32469I-Discovery/stm32469i_discovery.o
 .debug_macro   0x0000000000000fd6      0x103 ./Drivers/BSP/STM32469I-Discovery/stm32469i_discovery.o
 .debug_macro   0x00000000000010d9       0x6a ./Drivers/BSP/STM32469I-Discovery/stm32469i_discovery.o
 .debug_macro   0x0000000000001143      0x1df ./Drivers/BSP/STM32469I-Discovery/stm32469i_discovery.o
 .debug_macro   0x0000000000001322       0x1c ./Drivers/BSP/STM32469I-Discovery/stm32469i_discovery.o
 .debug_macro   0x000000000000133e       0x22 ./Drivers/BSP/STM32469I-Discovery/stm32469i_discovery.o
 .debug_macro   0x0000000000001360       0xfb ./Drivers/BSP/STM32469I-Discovery/stm32469i_discovery.o
 .debug_macro   0x000000000000145b     0x1011 ./Drivers/BSP/STM32469I-Discovery/stm32469i_discovery.o
 .debug_macro   0x000000000000246c      0x11f ./Drivers/BSP/STM32469I-Discovery/stm32469i_discovery.o
 .debug_macro   0x000000000000258b    0x1d76d ./Drivers/BSP/STM32469I-Discovery/stm32469i_discovery.o
 .debug_macro   0x000000000001fcf8       0x6d ./Drivers/BSP/STM32469I-Discovery/stm32469i_discovery.o
 .debug_macro   0x000000000001fd65     0x3703 ./Drivers/BSP/STM32469I-Discovery/stm32469i_discovery.o
 .debug_macro   0x0000000000023468      0x174 ./Drivers/BSP/STM32469I-Discovery/stm32469i_discovery.o
 .debug_macro   0x00000000000235dc       0x5c ./Drivers/BSP/STM32469I-Discovery/stm32469i_discovery.o
 .debug_macro   0x0000000000023638      0xde0 ./Drivers/BSP/STM32469I-Discovery/stm32469i_discovery.o
 .debug_macro   0x0000000000024418      0x9e9 ./Drivers/BSP/STM32469I-Discovery/stm32469i_discovery.o
 .debug_macro   0x0000000000024e01      0x115 ./Drivers/BSP/STM32469I-Discovery/stm32469i_discovery.o
 .debug_macro   0x0000000000024f16      0x192 ./Drivers/BSP/STM32469I-Discovery/stm32469i_discovery.o
 .debug_macro   0x00000000000250a8       0xa5 ./Drivers/BSP/STM32469I-Discovery/stm32469i_discovery.o
 .debug_macro   0x000000000002514d      0x287 ./Drivers/BSP/STM32469I-Discovery/stm32469i_discovery.o
 .debug_macro   0x00000000000253d4       0x5f ./Drivers/BSP/STM32469I-Discovery/stm32469i_discovery.o
 .debug_macro   0x0000000000025433      0x236 ./Drivers/BSP/STM32469I-Discovery/stm32469i_discovery.o
 .debug_macro   0x0000000000025669      0x132 ./Drivers/BSP/STM32469I-Discovery/stm32469i_discovery.o
 .debug_macro   0x000000000002579b      0x41d ./Drivers/BSP/STM32469I-Discovery/stm32469i_discovery.o
 .debug_macro   0x0000000000025bb8       0x2e ./Drivers/BSP/STM32469I-Discovery/stm32469i_discovery.o
 .debug_macro   0x0000000000025be6      0x51d ./Drivers/BSP/STM32469I-Discovery/stm32469i_discovery.o
 .debug_macro   0x0000000000026103      0x1b5 ./Drivers/BSP/STM32469I-Discovery/stm32469i_discovery.o
 .debug_macro   0x00000000000262b8       0x22 ./Drivers/BSP/STM32469I-Discovery/stm32469i_discovery.o
 .debug_macro   0x00000000000262da       0xd6 ./Drivers/BSP/STM32469I-Discovery/stm32469i_discovery.o
 .debug_macro   0x00000000000263b0      0x127 ./Drivers/BSP/STM32469I-Discovery/stm32469i_discovery.o
 .debug_macro   0x00000000000264d7       0xe2 ./Drivers/BSP/STM32469I-Discovery/stm32469i_discovery.o
 .debug_macro   0x00000000000265b9       0x89 ./Drivers/BSP/STM32469I-Discovery/stm32469i_discovery.o
 .debug_macro   0x0000000000026642      0x8ed ./Drivers/BSP/STM32469I-Discovery/stm32469i_discovery.o
 .debug_macro   0x0000000000026f2f       0x4d ./Drivers/BSP/STM32469I-Discovery/stm32469i_discovery.o
 .debug_macro   0x0000000000026f7c      0x2aa ./Drivers/BSP/STM32469I-Discovery/stm32469i_discovery.o
 .debug_macro   0x0000000000027226      0x134 ./Drivers/BSP/STM32469I-Discovery/stm32469i_discovery.o
 .debug_macro   0x000000000002735a      0x232 ./Drivers/BSP/STM32469I-Discovery/stm32469i_discovery.o
 .debug_macro   0x000000000002758c      0x1fe ./Drivers/CMSIS/system_stm32f4xx.o
 .debug_macro   0x000000000002778a      0x258 ./Drivers/STM32F4xx_HAL_Driver/stm32f4xx_hal.o
 .debug_macro   0x00000000000279e2      0x1f8 ./Drivers/STM32F4xx_HAL_Driver/stm32f4xx_hal_cortex.o
 .debug_macro   0x0000000000027bda      0x1fe ./Drivers/STM32F4xx_HAL_Driver/stm32f4xx_hal_gpio.o
 .debug_macro   0x0000000000027dd8      0x210 ./Drivers/STM32F4xx_HAL_Driver/stm32f4xx_hal_pwr_ex.o
 .debug_macro   0x0000000000027fe8      0x21c ./Drivers/STM32F4xx_HAL_Driver/stm32f4xx_hal_rcc.o
 .debug_macro   0x0000000000028204      0x1f8 ./Drivers/STM32F4xx_HAL_Driver/stm32f4xx_hal_rcc_ex.o
 .debug_macro   0x00000000000283fc      0x1f9 ./Drivers/STM32F4xx_HAL_Driver/stm32f4xx_hal_tim.o
 .debug_macro   0x00000000000285f5      0x1f8 ./Drivers/STM32F4xx_HAL_Driver/stm32f4xx_hal_tim_ex.o
 .debug_macro   0x00000000000287ed      0x2c5 ./Example/User/main.o
 .debug_macro   0x0000000000028ab2      0xc0a ./Example/User/main.o
 .debug_macro   0x00000000000296bc       0x1c ./Example/User/main.o
 .debug_macro   0x00000000000296d8     0x1011 ./Example/User/main.o
 .debug_macro   0x000000000002a6e9      0x17b ./Example/User/main.o
 .debug_macro   0x000000000002a864      0x238 ./Example/User/main.o
 .debug_macro   0x000000000002aa9c      0x118 ./Example/User/main.o
 .debug_macro   0x000000000002abb4      0x15a ./Example/User/main.o
 .debug_macro   0x000000000002ad0e       0xe4 ./Example/User/main.o
 .debug_macro   0x000000000002adf2       0x1c ./Example/User/main.o
 .debug_macro   0x000000000002ae0e       0x26 ./Example/User/main.o
 .debug_macro   0x000000000002ae34      0x432 ./Example/User/main.o
 .debug_macro   0x000000000002b266       0xb5 ./Example/User/main.o
 .debug_macro   0x000000000002b31b       0xaa ./Example/User/main.o
 .debug_macro   0x000000000002b3c5       0x91 ./Example/User/main.o
 .debug_macro   0x000000000002b456       0x86 ./Example/User/main.o
 .debug_macro   0x000000000002b4dc       0x7e ./Example/User/main.o
 .debug_macro   0x000000000002b55a       0xcf ./Example/User/main.o
 .debug_macro   0x000000000002b629      0x1f8 ./Example/User/stm32f4xx_hal_timebase_tim.o
 .debug_macro   0x000000000002b821      0x2ca ./Example/User/stm32f4xx_it.o
 .debug_macro   0x000000000002baeb      0x274 ./Example/User/syscalls.o
 .debug_macro   0x000000000002bd5f       0x5b ./Example/User/syscalls.o
 .debug_macro   0x000000000002bdba       0x2a ./Example/User/syscalls.o
 .debug_macro   0x000000000002bde4       0x94 ./Example/User/syscalls.o
 .debug_macro   0x000000000002be78       0x43 ./Example/User/syscalls.o
 .debug_macro   0x000000000002bebb       0x34 ./Example/User/syscalls.o
 .debug_macro   0x000000000002beef       0x57 ./Example/User/syscalls.o
 .debug_macro   0x000000000002bf46      0x369 ./Example/User/syscalls.o
 .debug_macro   0x000000000002c2af       0x16 ./Example/User/syscalls.o
 .debug_macro   0x000000000002c2c5       0x43 ./Example/User/syscalls.o
 .debug_macro   0x000000000002c308       0x34 ./Example/User/syscalls.o
 .debug_macro   0x000000000002c33c       0x10 ./Example/User/syscalls.o
 .debug_macro   0x000000000002c34c       0x58 ./Example/User/syscalls.o
 .debug_macro   0x000000000002c3a4       0x8e ./Example/User/syscalls.o
 .debug_macro   0x000000000002c432       0x1c ./Example/User/syscalls.o
 .debug_macro   0x000000000002c44e      0x177 ./Example/User/syscalls.o
 .debug_macro   0x000000000002c5c5       0x10 ./Example/User/syscalls.o
 .debug_macro   0x000000000002c5d5       0x35 ./Example/User/syscalls.o
 .debug_macro   0x000000000002c60a       0x10 ./Example/User/syscalls.o
 .debug_macro   0x000000000002c61a       0x10 ./Example/User/syscalls.o
 .debug_macro   0x000000000002c62a       0x10 ./Example/User/syscalls.o
 .debug_macro   0x000000000002c63a       0x1c ./Example/User/syscalls.o
 .debug_macro   0x000000000002c656       0x52 ./Example/User/syscalls.o
 .debug_macro   0x000000000002c6a8       0x22 ./Example/User/syscalls.o
 .debug_macro   0x000000000002c6ca       0x10 ./Example/User/syscalls.o
 .debug_macro   0x000000000002c6da       0x52 ./Example/User/syscalls.o
 .debug_macro   0x000000000002c72c       0xcf ./Example/User/syscalls.o
 .debug_macro   0x000000000002c7fb       0x1c ./Example/User/syscalls.o
 .debug_macro   0x000000000002c817       0x3d ./Example/User/syscalls.o
 .debug_macro   0x000000000002c854       0x35 ./Example/User/syscalls.o
 .debug_macro   0x000000000002c889      0x12c ./Example/User/syscalls.o
 .debug_macro   0x000000000002c9b5       0x16 ./Example/User/syscalls.o
 .debug_macro   0x000000000002c9cb       0x16 ./Example/User/syscalls.o
 .debug_macro   0x000000000002c9e1       0x29 ./Example/User/syscalls.o
 .debug_macro   0x000000000002ca0a       0x10 ./Example/User/syscalls.o
 .debug_macro   0x000000000002ca1a      0x242 ./Example/User/syscalls.o
 .debug_macro   0x000000000002cc5c       0x1c ./Example/User/syscalls.o
 .debug_macro   0x000000000002cc78       0x10 ./Example/User/syscalls.o
 .debug_macro   0x000000000002cc88       0x10 ./Example/User/syscalls.o
 .debug_macro   0x000000000002cc98       0x16 ./Example/User/syscalls.o
 .debug_macro   0x000000000002ccae      0x147 ./Example/User/syscalls.o
 .debug_macro   0x000000000002cdf5      0x18a ./Example/User/syscalls.o
 .debug_macro   0x000000000002cf7f       0x16 ./Example/User/syscalls.o
 .debug_macro   0x000000000002cf95       0xce ./Example/User/syscalls.o
 .debug_macro   0x000000000002d063      0x200 ./Middlewares/FreeRTOS/CMSIS_RTOS/cmsis_os.o
 .debug_macro   0x000000000002d263       0x10 ./Middlewares/FreeRTOS/CMSIS_RTOS/cmsis_os.o
 .debug_macro   0x000000000002d273       0x20 ./Middlewares/FreeRTOS/CMSIS_RTOS/cmsis_os.o
 .debug_macro   0x000000000002d293      0x118 ./Middlewares/FreeRTOS/CMSIS_RTOS/cmsis_os.o
 .debug_macro   0x000000000002d3ab       0xe9 ./Middlewares/FreeRTOS/CMSIS_RTOS/cmsis_os.o
 .debug_macro   0x000000000002d494      0x187 ./Middlewares/FreeRTOS/list.o
 .debug_macro   0x000000000002d61b      0x10e ./Middlewares/FreeRTOS/list.o
 .debug_macro   0x000000000002d729       0x8d ./Middlewares/FreeRTOS/list.o
 .debug_macro   0x000000000002d7b6      0x216 ./Middlewares/FreeRTOS/queue.o
 .debug_macro   0x000000000002d9cc       0x16 ./Middlewares/FreeRTOS/queue.o
 .debug_macro   0x000000000002d9e2       0x80 ./Middlewares/FreeRTOS/queue.o
 .debug_macro   0x000000000002da62      0x279 ./Middlewares/FreeRTOS/tasks.o
 .debug_macro   0x000000000002dcdb       0x10 ./Middlewares/FreeRTOS/tasks.o
 .debug_macro   0x000000000002dceb      0x1dc ./Middlewares/FreeRTOS/timers.o
 .debug_macro   0x000000000002dec7       0x97 ./Middlewares/FreeRTOS/timers.o
 .debug_macro   0x000000000002df5e      0x1ae ./Middlewares/FreeRTOS/portable/heap_4.o
 .debug_macro   0x000000000002e10c      0x196 ./Middlewares/FreeRTOS/portable/port.o

.debug_line     0x0000000000000000    0x14a11
 .debug_line    0x0000000000000000      0xd08 ./Drivers/BSP/STM32469I-Discovery/stm32469i_discovery.o
 .debug_line    0x0000000000000d08      0x876 ./Drivers/CMSIS/system_stm32f4xx.o
 .debug_line    0x000000000000157e      0xaf6 ./Drivers/STM32F4xx_HAL_Driver/stm32f4xx_hal.o
 .debug_line    0x0000000000002074      0xd8c ./Drivers/STM32F4xx_HAL_Driver/stm32f4xx_hal_cortex.o
 .debug_line    0x0000000000002e00      0xc5c ./Drivers/STM32F4xx_HAL_Driver/stm32f4xx_hal_gpio.o
 .debug_line    0x0000000000003a5c      0x9e9 ./Drivers/STM32F4xx_HAL_Driver/stm32f4xx_hal_pwr_ex.o
 .debug_line    0x0000000000004445      0xe45 ./Drivers/STM32F4xx_HAL_Driver/stm32f4xx_hal_rcc.o
 .debug_line    0x000000000000528a     0x10ce ./Drivers/STM32F4xx_HAL_Driver/stm32f4xx_hal_rcc_ex.o
 .debug_line    0x0000000000006358     0x384c ./Drivers/STM32F4xx_HAL_Driver/stm32f4xx_hal_tim.o
 .debug_line    0x0000000000009ba4     0x1abc ./Drivers/STM32F4xx_HAL_Driver/stm32f4xx_hal_tim_ex.o
 .debug_line    0x000000000000b660       0x7a ./Example/Startup/startup_stm32f469nihx.o
 .debug_line    0x000000000000b6da      0xa9b ./Example/User/main.o
 .debug_line    0x000000000000c175      0x871 ./Example/User/stm32f4xx_hal_timebase_tim.o
 .debug_line    0x000000000000c9e6      0xa2b ./Example/User/stm32f4xx_it.o
 .debug_line    0x000000000000d411      0x8b6 ./Example/User/syscalls.o
 .debug_line    0x000000000000dcc7     0x1317 ./Middlewares/FreeRTOS/CMSIS_RTOS/cmsis_os.o
 .debug_line    0x000000000000efde      0x7d3 ./Middlewares/FreeRTOS/list.o
 .debug_line    0x000000000000f7b1     0x15e2 ./Middlewares/FreeRTOS/queue.o
 .debug_line    0x0000000000010d93     0x1ca3 ./Middlewares/FreeRTOS/tasks.o
 .debug_line    0x0000000000012a36      0xd33 ./Middlewares/FreeRTOS/timers.o
 .debug_line    0x0000000000013769      0x9fa ./Middlewares/FreeRTOS/portable/heap_4.o
 .debug_line    0x0000000000014163      0x8ae ./Middlewares/FreeRTOS/portable/port.o
