C:/Users/alile/Desktop/FinalProject/FreeRTOS_ThreadCreation/Src/stm32f4xx_it.c:41:6:NMI_Handler	4	static
C:/Users/alile/Desktop/FinalProject/FreeRTOS_ThreadCreation/Src/stm32f4xx_it.c:50:6:HardFault_Handler	4	static
C:/Users/alile/Desktop/FinalProject/FreeRTOS_ThreadCreation/Src/stm32f4xx_it.c:63:6:MemManage_Handler	4	static
C:/Users/alile/Desktop/FinalProject/FreeRTOS_ThreadCreation/Src/stm32f4xx_it.c:76:6:BusFault_Handler	4	static
C:/Users/alile/Desktop/FinalProject/FreeRTOS_ThreadCreation/Src/stm32f4xx_it.c:89:6:UsageFault_Handler	4	static
C:/Users/alile/Desktop/FinalProject/FreeRTOS_ThreadCreation/Src/stm32f4xx_it.c:102:6:DebugMon_Handler	4	static
C:/Users/alile/Desktop/FinalProject/FreeRTOS_ThreadCreation/Src/stm32f4xx_it.c:111:6:SysTick_Handler	8	static
