C:/Users/alile/Desktop/FinalProject/FreeRTOS_ThreadCreation/Src/stm32f4xx_hal_timebase_tim.c:46:19:HAL_InitTick	56	static
C:/Users/alile/Desktop/FinalProject/FreeRTOS_ThreadCreation/Src/stm32f4xx_hal_timebase_tim.c:111:6:HAL_SuspendTick	4	static
C:/Users/alile/Desktop/FinalProject/FreeRTOS_ThreadCreation/Src/stm32f4xx_hal_timebase_tim.c:123:6:HAL_ResumeTick	4	static
C:/Users/alile/Desktop/FinalProject/FreeRTOS_ThreadCreation/Src/stm32f4xx_hal_timebase_tim.c:137:6:HAL_TIM_PeriodElapsedCallback	16	static
C:/Users/alile/Desktop/FinalProject/FreeRTOS_ThreadCreation/Src/stm32f4xx_hal_timebase_tim.c:147:6:TIM6_DAC_IRQHandler	8	static
